Archive member included to satisfy reference by file (symbol)

C:/devkitPro/devkitARM/bin/../lib/gcc/arm-none-eabi/15.2.0/thumb\libgcc.a(_aeabi_ldivmod.o)
                              bn_hw_text.o (__aeabi_ldivmod)
C:/devkitPro/devkitARM/bin/../lib/gcc/arm-none-eabi/15.2.0/thumb\libgcc.a(_aeabi_uldivmod.o)
                              bn_hw_text.o (__aeabi_uldivmod)
C:/devkitPro/devkitARM/bin/../lib/gcc/arm-none-eabi/15.2.0/thumb\libgcc.a(_sync_none.o)
                              (__sync_synchronize_none)
C:/devkitPro/devkitARM/bin/../lib/gcc/arm-none-eabi/15.2.0/thumb\libgcc.a(_udivmoddi4.o)
                              C:/devkitPro/devkitARM/bin/../lib/gcc/arm-none-eabi/15.2.0/thumb\libgcc.a(_aeabi_ldivmod.o) (__udivmoddi4)

Discarded input sections

 .text          0x00000000        0x0 C:/devkitPro/devkitARM/bin/../lib/gcc/arm-none-eabi/15.2.0/../../../../arm-none-eabi/lib/thumb/gba_crt0.o
 .data          0x00000000        0x0 C:/devkitPro/devkitARM/bin/../lib/gcc/arm-none-eabi/15.2.0/../../../../arm-none-eabi/lib/thumb/gba_crt0.o
 .bss           0x00000000        0x0 C:/devkitPro/devkitARM/bin/../lib/gcc/arm-none-eabi/15.2.0/../../../../arm-none-eabi/lib/thumb/gba_crt0.o
 .text          0x00000000        0x0 C:/devkitPro/devkitARM/bin/../lib/gcc/arm-none-eabi/15.2.0/thumb/crti.o
 .data          0x00000000        0x0 C:/devkitPro/devkitARM/bin/../lib/gcc/arm-none-eabi/15.2.0/thumb/crti.o
 .bss           0x00000000        0x0 C:/devkitPro/devkitARM/bin/../lib/gcc/arm-none-eabi/15.2.0/thumb/crti.o
 .text          0x00000000        0x0 C:/devkitPro/devkitARM/bin/../lib/gcc/arm-none-eabi/15.2.0/thumb/crtbegin.o
 .data          0x00000000        0x0 C:/devkitPro/devkitARM/bin/../lib/gcc/arm-none-eabi/15.2.0/thumb/crtbegin.o
 .bss           0x00000000        0x0 C:/devkitPro/devkitARM/bin/../lib/gcc/arm-none-eabi/15.2.0/thumb/crtbegin.o
 .rodata.all_implied_fbits
                0x00000000       0x24 C:/devkitPro/devkitARM/bin/../lib/gcc/arm-none-eabi/15.2.0/thumb/crtbegin.o
 .data.__dso_handle
                0x00000000        0x4 C:/devkitPro/devkitARM/bin/../lib/gcc/arm-none-eabi/15.2.0/thumb/crtbegin.o
 .text          0x00000000        0x0 bn_audio_soundbank.bin.o
 .data          0x00000000        0x0 bn_audio_soundbank.bin.o
 .bss           0x00000000        0x0 bn_audio_soundbank.bin.o
 .text          0x00000000        0x0 arena_bn_gfx.o
 .data          0x00000000        0x0 arena_bn_gfx.o
 .bss           0x00000000        0x0 arena_bn_gfx.o
 .text          0x00000000        0x0 dialog_font_bn_gfx.o
 .data          0x00000000        0x0 dialog_font_bn_gfx.o
 .bss           0x00000000        0x0 dialog_font_bn_gfx.o
 .text          0x00000000        0x0 gerione_bn_gfx.o
 .data          0x00000000        0x0 gerione_bn_gfx.o
 .bss           0x00000000        0x0 gerione_bn_gfx.o
 .text          0x00000000        0x0 player_bn_gfx.o
 .data          0x00000000        0x0 player_bn_gfx.o
 .bss           0x00000000        0x0 player_bn_gfx.o
 .group         0x00000000        0xc main.o
 .group         0x00000000        0xc main.o
 .group         0x00000000        0xc main.o
 .group         0x00000000        0xc main.o
 .group         0x00000000        0xc main.o
 .group         0x00000000        0xc main.o
 .text          0x00000000        0x0 main.o
 .data          0x00000000        0x0 main.o
 .bss           0x00000000        0x0 main.o
 .group         0x00000000        0xc bn_affine_bg_animate_actions.o
 .group         0x00000000        0xc bn_affine_bg_animate_actions.o
 .group         0x00000000        0xc bn_affine_bg_animate_actions.o
 .group         0x00000000        0xc bn_affine_bg_animate_actions.o
 .group         0x00000000        0xc bn_affine_bg_animate_actions.o
 .group         0x00000000        0xc bn_affine_bg_animate_actions.o
 .group         0x00000000        0xc bn_affine_bg_animate_actions.o
 .group         0x00000000        0xc bn_affine_bg_animate_actions.o
 .group         0x00000000        0xc bn_affine_bg_animate_actions.o
 .text          0x00000000        0x0 bn_affine_bg_animate_actions.o
 .data          0x00000000        0x0 bn_affine_bg_animate_actions.o
 .bss           0x00000000        0x0 bn_affine_bg_animate_actions.o
 .text._ZN2bn13ostringstream11append_argsIiJA4_ciEEEvRKT_DpRKT0_.isra.0
                0x00000000       0x24 bn_affine_bg_animate_actions.o
 .text._ZN2bn25iaffine_bg_animate_action9_set_refsERNS_13affine_bg_ptrERNS_18affine_bg_map_itemERNS_7ivectorItEE
                0x00000000        0x4 bn_affine_bg_animate_actions.o
 .text._ZN2bn25iaffine_bg_animate_action7_assignERKS0_
                0x00000000       0x10 bn_affine_bg_animate_actions.o
 .text._ZN2bn32iaffine_bg_cached_animate_action9_set_refsERNS_13affine_bg_ptrERNS_7ivectorINS_17affine_bg_map_ptrEEE
                0x00000000        0x4 bn_affine_bg_animate_actions.o
 .text._ZN2bn32iaffine_bg_cached_animate_action7_assignERKS0_
[...]
Memory Configuration

Name             Origin             Length             Attributes
rom              0x08000000         0x02000000
iwram            0x03000000         0x00008000
ewram            0x02000000         0x00040000
*default*        0x00000000         0xffffffff

Linker script and memory map

                0x00000000                        __sync_synchronize = __sync_synchronize_none
                0x08000000                        __text_start = ORIGIN (rom)
                0x02040000                        __eheap_end = (ORIGIN (ewram) + LENGTH (ewram))
                0x03000000                        __iwram_start = ORIGIN (iwram)
                0x03008000                        __iwram_top = (ORIGIN (iwram) + LENGTH (iwram))
                0x03007fa0                        __sp_irq = (__iwram_top - 0x60)
                0x03007f00                        __sp_usr = (__sp_irq - 0xa0)
                0x03007ff8                        __irq_flags = 0x3007ff8
                0x08000000                        . = __text_start

.crt0           0x08000000      0x210
 *(.crt0)
 .crt0          0x08000000      0x210 C:/devkitPro/devkitARM/bin/../lib/gcc/arm-none-eabi/15.2.0/../../../../arm-none-eabi/lib/thumb/gba_crt0.o
                0x08000000                _start
                0x080000c4                __boot_method
                0x080000c5                __slave_number
                0x080000e0                start_vector
                0x08000210                        . = ALIGN (0x4)

.init           0x08000210        0xc
 *(SORT_NONE(.init))
 .init          0x08000210        0x4 C:/devkitPro/devkitARM/bin/../lib/gcc/arm-none-eabi/15.2.0/thumb/crti.o
                0x08000210                _init
 .init          0x08000214        0x8 C:/devkitPro/devkitARM/bin/../lib/gcc/arm-none-eabi/15.2.0/thumb/crtn.o

.plt            0x0800021c        0x0
 *(.plt)
                0x0800021c                        . = ALIGN (0x4)

.text           0x08000220    0x16850
 *(EXCLUDE_FILE(*.iwram*) .text*)
 .text.__do_global_dtors_aux
                0x08000220       0x2c C:/devkitPro/devkitARM/bin/../lib/gcc/arm-none-eabi/15.2.0/thumb/crtbegin.o
 .text.frame_dummy
                0x0800024c       0x24 C:/devkitPro/devkitARM/bin/../lib/gcc/arm-none-eabi/15.2.0/thumb/crtbegin.o
 .text._ZN12_GLOBAL__N_1L7vm_getcEPv
                0x08000270       0x20 main.o
 .text._ZN3_bn6assert9show_argsIJA19_ciA4_ciEEEvPKcS5_S5_iDpRKT_
                0x08000290       0x64 main.o
                0x08000290                _ZN3_bn6assert9show_argsIJA19_ciA4_ciEEEvPKcS5_S5_iDpRKT_
 .text._ZN3_bn6assert9show_argsIJA16_ciA4_ciEEEvPKcS5_S5_iDpRKT_
                0x080002f4       0x64 main.o
                0x080002f4                _ZN3_bn6assert9show_argsIJA16_ciA4_ciEEEvPKcS5_S5_iDpRKT_
 .text._ZN3_bn6assert9show_argsIA15_cEEvPKcS4_S4_iRKT_
                0x08000358       0x48 main.o
                0x08000358                _ZN3_bn6assert9show_argsIA15_cEEvPKcS4_S4_iRKT_
 .text._ZN12_GLOBAL__N_1L7vm_putcEiPv
                0x080003a0       0x24 main.o
 .text.startup.main
                0x080003c4      0xa88 main.o
                0x080003c4                main
 .text._ZN3_bn6assert9show_argsIA24_ciEEvPKcS4_S4_iRKT_RKT0_
                0x08000e4c       0x54 bn_affine_bg_animate_actions.o
                0x08000e4c                _ZN3_bn6assert9show_argsIA24_ciEEvPKcS4_S4_iRKT_RKT0_
 .text._ZN3_bn6assert9show_argsIA28_ciEEvPKcS4_S4_iRKT_RKT0_
                0x08000ea0       0x54 bn_affine_bg_animate_actions.o
                0x08000ea0                _ZN3_bn6assert9show_argsIA28_ciEEvPKcS4_S4_iRKT_RKT0_
 .text._ZN2bn13audio_manager4initEv
                0x08000ef4       0x60 bn_audio_manager.bn_noflto.o
                0x08000ef4                _ZN2bn13audio_manager4initEv
 .text._ZN2bn13audio_manager7disableEv
                0x08000f54       0x10 bn_audio_manager.bn_noflto.o
                0x08000f54                _ZN2bn13audio_manager7disableEv
 .text._ZN2bn13audio_manager10sound_dataEt
                0x08000f64       0x6c bn_audio_manager.bn_noflto.o
                0x08000f64                _ZN2bn13audio_manager10sound_dataEt
 .text._ZN2bn13audio_manager6updateEv
                0x08000fd0       0x18 bn_audio_manager.bn_noflto.o
                0x08000fd0                _ZN2bn13audio_manager6updateEv
 .text._ZN2bn13audio_manager13vblank_commitEv
                0x08000fe8       0x2c bn_audio_manager.bn_noflto.o
                0x08000fe8                _ZN2bn13audio_manager13vblank_commitEv
 .text._ZN2bn13audio_manager14delayed_commitEv
                0x08001014       0x34 bn_audio_manager.bn_noflto.o
                0x08001014                _ZN2bn13audio_manager14delayed_commitEv
 .text._ZN2bn13audio_manager4stopEv
                0x08001048       0x78 bn_audio_manager.bn_noflto.o
                0x08001048                _ZN2bn13audio_manager4stopEv
 .text._ZN3_bn6assert9show_argsIA18_ciEEvPKcS4_S4_iRKT_RKT0_
                0x080010c0       0x54 bn_audio_manager.bn_noflto.o
                0x080010c0                _ZN3_bn6assert9show_argsIA18_ciEEvPKcS4_S4_iRKT_RKT0_
 .text._ZN3_bn6assert9show_argsIA14_ciEEvPKcS4_S4_iRKT_RKT0_
                0x08001114       0x54 bn_audio_manager.bn_noflto.o
                0x08001114                _ZN3_bn6assert9show_argsIA14_ciEEvPKcS4_S4_iRKT_RKT0_
 .text._ZN3_bn6assert9show_argsIA26_ciEEvPKcS4_S4_iRKT_RKT0_
                0x08001168       0x54 bn_audio_manager.bn_noflto.o
                0x08001168                _ZN3_bn6assert9show_argsIA26_ciEEvPKcS4_S4_iRKT_RKT0_
 .text._ZN3_bn6assert9show_argsIA33_cEEvPKcS4_S4_iRKT_
                0x080011bc       0x48 bn_audio_manager.bn_noflto.o
                0x080011bc                _ZN3_bn6assert9show_argsIA33_cEEvPKcS4_S4_iRKT_
 .text._ZN3_bn6assert9show_argsIA25_cEEvPKcS4_S4_iRKT_
                0x08001204       0x48 bn_audio_manager.bn_noflto.o
                0x08001204                _ZN3_bn6assert9show_argsIA25_cEEvPKcS4_S4_iRKT_
 .text._ZN3_bn6assert9show_argsIA24_cEEvPKcS4_S4_iRKT_
                0x0800124c       0x48 bn_audio_manager.bn_noflto.o
                0x0800124c                _ZN3_bn6assert9show_argsIA24_cEEvPKcS4_S4_iRKT_
 .text._ZN3_bn6assert9show_argsIA20_cEEvPKcS4_S4_iRKT_
                0x08001294       0x48 bn_audio_manager.bn_noflto.o
                0x08001294                _ZN3_bn6assert9show_argsIA20_cEEvPKcS4_S4_iRKT_
 .text._ZN3_bn6assert9show_argsIA26_cEEvPKcS4_S4_iRKT_
                0x080012dc       0x48 bn_audio_manager.bn_noflto.o
                0x080012dc                _ZN3_bn6assert9show_argsIA26_cEEvPKcS4_S4_iRKT_
 .text._ZN3_bn6assert9show_argsIA21_cEEvPKcS4_S4_iRKT_
                0x08001324       0x48 bn_audio_manager.bn_noflto.o
                0x08001324                _ZN3_bn6assert9show_argsIA21_cEEvPKcS4_S4_iRKT_
 .text._ZN3_bn6assert9show_argsIA22_cEEvPKcS4_S4_iRKT_
                0x0800136c       0x48 bn_audio_manager.bn_noflto.o
                0x0800136c                _ZN3_bn6assert9show_argsIA22_cEEvPKcS4_S4_iRKT_
 .text._ZN3_bn6assert9show_argsIA25_ciEEvPKcS4_S4_iRKT_RKT0_
                0x080013b4       0x54 bn_audio_manager.bn_noflto.o
                0x080013b4                _ZN3_bn6assert9show_argsIA25_ciEEvPKcS4_S4_iRKT_RKT0_
 .text._ZN2bn13audio_manager16execute_commandsEv
                0x08001408      0x788 bn_audio_manager.bn_noflto.o
                0x08001408                _ZN2bn13audio_manager16execute_commandsEv
 .text._ZN3_bn6assert9show_argsIA17_cEEvPKcS4_S4_iRKT_
                0x08001b90       0x48 bn_audio_manager.bn_noflto.o
                0x08001b90                _ZN3_bn6assert9show_argsIA17_cEEvPKcS4_S4_iRKT_
 .text._ZN2bn18best_fit_allocator4freeEPv
                0x08001bd8      0x110 bn_best_fit_allocator.o
                0x08001bd8                _ZN2bn18best_fit_allocator4freeEPv
 .text._ZN3_bn6assert9show_argsIA23_cEEvPKcS4_S4_iRKT_
                0x08001ce8       0x48 bn_best_fit_allocator.o
                0x08001ce8                _ZN3_bn6assert9show_argsIA23_cEEvPKcS4_S4_iRKT_
 .text._ZN3_bn6assert9show_argsIA16_ciEEvPKcS4_S4_iRKT_RKT0_
                0x08001d30       0x54 bn_best_fit_allocator.o
                0x08001d30                _ZN3_bn6assert9show_argsIA16_ciEEvPKcS4_S4_iRKT_RKT0_
 .text._ZN3_bn6assert9show_argsIA20_ciEEvPKcS4_S4_iRKT_RKT0_
                0x08001d84       0x54 bn_best_fit_allocator.o
                0x08001d84                _ZN3_bn6assert9show_argsIA20_ciEEvPKcS4_S4_iRKT_RKT0_
 .text._ZN3_bn6assert9show_argsIA14_cEEvPKcS4_S4_iRKT_
                0x08001dd8       0x48 bn_best_fit_allocator.o
                0x08001dd8                _ZN3_bn6assert9show_argsIA14_cEEvPKcS4_S4_iRKT_
 .text._ZN2bn18best_fit_allocator5resetEPvi
                0x08001e20       0xd4 bn_best_fit_allocator.o
                0x08001e20                _ZN2bn18best_fit_allocator5resetEPvi
 .text._ZN2bn17bg_blocks_manager12_GLOBAL__N_1L17_hw_commit_offsetEPKtjtPt
                0x08001ef4       0x74 bn_bg_blocks_manager.o
 .text._ZN2bn13ostringstream11append_argsIiJA4_ctEEEvRKT_DpRKT0_.isra.0
                0x08001f68       0x24 bn_bg_blocks_manager.o
 .text._ZN2bn13ostringstream11append_argsIiJA4_ciEEEvRKT_DpRKT0_.isra.0
                0x08001f8c       0x24 bn_bg_blocks_manager.o
 .text._ZNK2bn18regular_bg_map_ptr2idEv
                0x08001fb0       0x18 bn_bg_blocks_manager.o
                0x08001fb0                _ZNK2bn18regular_bg_map_ptr2idEv
 .text._ZNK2bn18regular_bg_map_ptr10dimensionsEv
                0x08001fc8       0x20 bn_bg_blocks_manager.o
                0x08001fc8                _ZNK2bn18regular_bg_map_ptr10dimensionsEv
 .text._ZNK2bn18regular_bg_map_ptr3bigEv
                0x08001fe8       0x18 bn_bg_blocks_manager.o
                0x08001fe8                _ZNK2bn18regular_bg_map_ptr3bigEv
 .text._ZNK2bn20regular_bg_tiles_ptr3cbbEv
                0x08002000       0x18 bn_bg_blocks_manager.o
                0x08002000                _ZNK2bn20regular_bg_tiles_ptr3cbbEv
 .text._ZNK2bn17affine_bg_map_ptr2idEv
                0x08002018       0x18 bn_bg_blocks_manager.o
                0x08002018                _ZNK2bn17affine_bg_map_ptr2idEv
 .text._ZNK2bn17affine_bg_map_ptr10dimensionsEv
                0x08002030       0x20 bn_bg_blocks_manager.o
                0x08002030                _ZNK2bn17affine_bg_map_ptr10dimensionsEv
 .text._ZNK2bn19affine_bg_tiles_ptr3cbbEv
                0x08002050       0x18 bn_bg_blocks_manager.o
                0x08002050                _ZNK2bn19affine_bg_tiles_ptr3cbbEv
 .text._ZN2bn17bg_blocks_manager10log_statusEv
                0x08002068      0x450 bn_bg_blocks_manager.o
                0x08002068                _ZN2bn17bg_blocks_manager10log_statusEv
 .text._ZN2bn17bg_blocks_manager15decrease_usagesEi
                0x080024b8       0x98 bn_bg_blocks_manager.o
                0x080024b8                _ZN2bn17bg_blocks_manager15decrease_usagesEi
 .text._ZN2bn18regular_bg_map_ptrD2Ev
                0x08002550       0x18 bn_bg_blocks_manager.o
                0x08002550                _ZN2bn18regular_bg_map_ptrD1Ev
                0x08002550                _ZN2bn18regular_bg_map_ptrD2Ev
 .text._ZN2bn17bg_blocks_manager12_GLOBAL__N_110items_list12insert_afterEiRKNS1_9item_typeE.constprop.0
                0x08002568      0x268 bn_bg_blocks_manager.o
 .text._ZN2bn17bg_blocks_manager4initEv
                0x080027d0       0x90 bn_bg_blocks_manager.o
                0x080027d0                _ZN2bn17bg_blocks_manager4initEv
 .text._ZN2bn17bg_blocks_manager11must_commitEi
                0x08002860       0x18 bn_bg_blocks_manager.o
                0x08002860                _ZN2bn17bg_blocks_manager11must_commitEi
 .text._ZN2bn17bg_blocks_manager6updateEv
                0x08002878      0x260 bn_bg_blocks_manager.o
                0x08002878                _ZN2bn17bg_blocks_manager6updateEv
 .text._ZN3_bn6assert9show_argsIA15_ciEEvPKcS4_S4_iRKT_RKT0_
                0x08002ad8       0x54 bn_bg_blocks_manager.o
                0x08002ad8                _ZN3_bn6assert9show_argsIA15_ciEEvPKcS4_S4_iRKT_RKT0_
 .text._ZN3_bn6assert9show_argsIA52_ctEEvPKcS4_S4_iRKT_RKT0_
                0x08002b2c       0x54 bn_bg_blocks_manager.o
                0x08002b2c                _ZN3_bn6assert9show_argsIA52_ctEEvPKcS4_S4_iRKT_RKT0_
 .text._ZN3_bn6assert9show_argsIJA20_ciA4_ctEEEvPKcS5_S5_iDpRKT_
                0x08002b80       0x58 bn_bg_blocks_manager.o
                0x08002b80                _ZN3_bn6assert9show_argsIJA20_ciA4_ctEEEvPKcS5_S5_iDpRKT_
 .text._ZN3_bn6assert9show_argsIJA22_ciA4_ciEEEvPKcS5_S5_iDpRKT_
                0x08002bd8       0x58 bn_bg_blocks_manager.o
                0x08002bd8                _ZN3_bn6assert9show_argsIJA22_ciA4_ciEEEvPKcS5_S5_iDpRKT_
 .text._ZN3_bn6assert9show_argsIJA58_ciA4_ciEEEvPKcS5_S5_iDpRKT_
                0x08002c30       0x58 bn_bg_blocks_manager.o
                0x08002c30                _ZN3_bn6assert9show_argsIJA58_ciA4_ciEEEvPKcS5_S5_iDpRKT_
 .text._ZN3_bn6assert9show_argsIA38_cEEvPKcS4_S4_iRKT_
                0x08002c88       0x48 bn_bg_blocks_manager.o
                0x08002c88                _ZN3_bn6assert9show_argsIA38_cEEvPKcS4_S4_iRKT_
 .text._ZN3_bn6assert9show_argsIA27_ciEEvPKcS4_S4_iRKT_RKT0_
                0x08002cd0       0x54 bn_bg_blocks_manager.o
                0x08002cd0                _ZN3_bn6assert9show_argsIA27_ciEEvPKcS4_S4_iRKT_RKT0_
 .text._ZN2bn17bg_blocks_manager12_GLOBAL__N_1L10_hw_commitEPKtNS_16compression_typeEibPt
                0x08002d24       0x68 bn_bg_blocks_manager.o
 .text._ZN3_bn6assert9show_argsIA22_ciEEvPKcS4_S4_iRKT_RKT0_
                0x08002d8c       0x54 bn_bg_blocks_manager.o
                0x08002d8c                _ZN3_bn6assert9show_argsIA22_ciEEvPKcS4_S4_iRKT_RKT0_
 .text._ZN3_bn6assert9show_argsIA19_cEEvPKcS4_S4_iRKT_
                0x08002de0       0x48 bn_bg_blocks_manager.o
                0x08002de0                _ZN3_bn6assert9show_argsIA19_cEEvPKcS4_S4_iRKT_
 .text._ZN2bn17bg_blocks_manager12_GLOBAL__N_1L16_find_tiles_implEPKtNS_16compression_typeEib
                0x08002e28       0xf4 bn_bg_blocks_manager.o
 .text._ZN2bn17bg_blocks_manager12_GLOBAL__N_1L17_fix_blocks_countERKNS1_9item_typeEi
                0x08002f1c       0x7c bn_bg_blocks_manager.o
 .text._ZN3_bn6assert9show_argsIJA32_cA15_cPKtA16_ciA17_ciA34_cN2bn11string_viewEEEEvPKcSC_SC_iDpRKT_
                0x08002f98       0x90 bn_bg_blocks_manager.o
                0x08002f98                _ZN3_bn6assert9show_argsIJA32_cA15_cPKtA16_ciA17_ciA34_cN2bn11string_viewEEEEvPKcSC_SC_iDpRKT_
 .text._ZN3_bn6assert9show_argsIJA30_cA13_cPKtA14_ciA15_ciA17_ciA34_cN2bn11string_viewEEEEvPKcSD_SD_iDpRKT_
                0x08003028       0xa0 bn_bg_blocks_manager.o
                0x08003028                _ZN3_bn6assert9show_argsIJA30_cA13_cPKtA14_ciA15_ciA17_ciA34_cN2bn11string_viewEEEEvPKcSD_SD_iDpRKT_
 .text._ZN3_bn6assert9show_argsIA31_cEEvPKcS4_S4_iRKT_
                0x080030c8       0x48 bn_bg_blocks_manager.o
                0x080030c8                _ZN3_bn6assert9show_argsIA31_cEEvPKcS4_S4_iRKT_
 .text._ZN3_bn6assert9show_argsIJA37_ciA4_ciEEEvPKcS5_S5_iDpRKT_
                0x08003110       0x58 bn_bg_blocks_manager.o
                0x08003110                _ZN3_bn6assert9show_argsIJA37_ciA4_ciEEEvPKcS5_S5_iDpRKT_
 .text._ZNK2bn18regular_bg_map_ptr5tilesEv
                0x08003168       0x48 bn_bg_blocks_manager.o
                0x08003168                _ZNK2bn18regular_bg_map_ptr5tilesEv
 .text._ZNK2bn17affine_bg_map_ptr5tilesEv
                0x080031b0       0x48 bn_bg_blocks_manager.o
                0x080031b0                _ZNK2bn17affine_bg_map_ptr5tilesEv
 .text._ZNK2bn18regular_bg_map_ptr3bppEv
                0x080031f8       0x4c bn_bg_blocks_manager.o
                0x080031f8                _ZNK2bn18regular_bg_map_ptr3bppEv
 .text._ZN2bn17bg_blocks_manager21update_affine_map_rowEiii
                0x08003244      0x15c bn_bg_blocks_manager.o
                0x08003244                _ZN2bn17bg_blocks_manager21update_affine_map_rowEiii
 .text._ZN2bn17bg_blocks_manager28update_affine_map_bottom_rowEiii
                0x080033a0       0x30 bn_bg_blocks_manager.o
                0x080033a0                _ZN2bn17bg_blocks_manager28update_affine_map_bottom_rowEiii
 .text._ZN2bn17bg_blocks_manager23set_affine_map_positionEiii
                0x080033d0      0x1f0 bn_bg_blocks_manager.o
                0x080033d0                _ZN2bn17bg_blocks_manager23set_affine_map_positionEiii
 .text._ZN2bn17bg_blocks_manager21update_affine_map_colEiii
                0x080035c0      0x318 bn_bg_blocks_manager.o
                0x080035c0                _ZN2bn17bg_blocks_manager21update_affine_map_colEiii
 .text._ZN2bn17bg_blocks_manager27update_affine_map_right_colEiii
                0x080038d8       0x30 bn_bg_blocks_manager.o
                0x080038d8                _ZN2bn17bg_blocks_manager27update_affine_map_right_colEiii
 .text._ZN2bn17bg_blocks_manager22update_regular_map_rowEiii
                0x08003908      0x19c bn_bg_blocks_manager.o
                0x08003908                _ZN2bn17bg_blocks_manager22update_regular_map_rowEiii
 .text._ZN2bn17bg_blocks_manager22update_regular_map_colEiii
                0x08003aa4      0x1f0 bn_bg_blocks_manager.o
                0x08003aa4                _ZN2bn17bg_blocks_manager22update_regular_map_colEiii
 .text._ZN2bn17bg_blocks_manager24set_regular_map_positionEiii
                0x08003c94      0x210 bn_bg_blocks_manager.o
                0x08003c94                _ZN2bn17bg_blocks_manager24set_regular_map_positionEiii
 .text._ZN2bn17bg_blocks_manager33set_regular_map_tiles_and_paletteEiONS_20regular_bg_tiles_ptrEONS_14bg_palette_ptrE
                0x08003ea4      0x2b4 bn_bg_blocks_manager.o
                0x08003ea4                _ZN2bn17bg_blocks_manager33set_regular_map_tiles_and_paletteEiONS_20regular_bg_tiles_ptrEONS_14bg_palette_ptrE
 .text._ZN2bn17bg_blocks_manager21set_regular_map_tilesEiONS_20regular_bg_tiles_ptrE
                0x08004158      0x248 bn_bg_blocks_manager.o
                0x08004158                _ZN2bn17bg_blocks_manager21set_regular_map_tilesEiONS_20regular_bg_tiles_ptrE
 .text._ZN2bn17bg_blocks_manager23set_regular_map_paletteEiONS_14bg_palette_ptrE
                0x080043a0      0x210 bn_bg_blocks_manager.o
                0x080043a0                _ZN2bn17bg_blocks_manager23set_regular_map_paletteEiONS_14bg_palette_ptrE
 .text._ZN2bn17bg_blocks_manager12_GLOBAL__N_1L22_find_regular_map_implERKNS_19regular_bg_map_itemEPKtRKNS_20regular_bg_tiles_ptrERKNS_14bg_palette_ptrE
                0x080045b0      0x2d0 bn_bg_blocks_manager.o
 .text._ZN2bn17bg_blocks_manager12_GLOBAL__N_1L12_commit_itemERKNS1_9item_typeEb
                0x08004880      0x1d8 bn_bg_blocks_manager.o
 .text._ZN2bn17bg_blocks_manager19commit_uncompressedEb
                0x08004a58       0x54 bn_bg_blocks_manager.o
                0x08004a58                _ZN2bn17bg_blocks_manager19commit_uncompressedEb
 .text._ZN2bn17bg_blocks_manager17commit_compressedEv
                0x08004aac       0x48 bn_bg_blocks_manager.o
                0x08004aac                _ZN2bn17bg_blocks_manager17commit_compressedEv
 .text._ZN2bn17bg_blocks_manager12_GLOBAL__N_1L12_create_itemEiibONS1_11create_dataE
                0x08004af4      0x4f8 bn_bg_blocks_manager.o
 .text._ZN2bn17bg_blocks_manager12_GLOBAL__N_1L12_create_implEONS1_11create_dataE
                0x08004fec      0x200 bn_bg_blocks_manager.o
 .text._ZN2bn17bg_blocks_manager20create_regular_tilesERKNS_21regular_bg_tiles_itemEb
                0x080051ec      0x140 bn_bg_blocks_manager.o
                0x080051ec                _ZN2bn17bg_blocks_manager20create_regular_tilesERKNS_21regular_bg_tiles_itemEb
 .text._ZN2bn17bg_blocks_manager18create_regular_mapERKNS_19regular_bg_map_itemEPKtONS_20regular_bg_tiles_ptrEONS_14bg_palette_ptrEb
                0x0800532c      0x26c bn_bg_blocks_manager.o
                0x0800532c                _ZN2bn17bg_blocks_manager18create_regular_mapERKNS_19regular_bg_map_itemEPKtONS_20regular_bg_tiles_ptrEONS_14bg_palette_ptrEb
 .text._ZN2bn18regular_bg_map_ptr6createERKNS_15regular_bg_itemEi
                0x08005598       0xd8 bn_bg_blocks_manager.o
                0x08005598                _ZN2bn18regular_bg_map_ptr6createERKNS_15regular_bg_itemEi
 .text._ZN3_bn6assert9show_argsIA39_ciEEvPKcS4_S4_iRKT_RKT0_
                0x08005670       0x54 bn_bg_blocks_manager.o
                0x08005670                _ZN3_bn6assert9show_argsIA39_ciEEvPKcS4_S4_iRKT_RKT0_
 .text._ZN2bn11bgs_manager12_GLOBAL__N_1L29_check_unique_regular_big_mapERNS1_9item_typeE
                0x080056c4       0x6c bn_bgs_manager.o
 .text._ZN2bn11bgs_manager12_GLOBAL__N_1L33_update_item_hw_affine_attributesERKNS1_9item_typeE
                0x08005730       0x48 bn_bgs_manager.o
 .text._ZN2bn11bgs_manager4initEv
                0x08005778       0x98 bn_bgs_manager.o
                0x08005778                _ZN2bn11bgs_manager4initEv
 .text._ZN2bn11bgs_manager5hw_idEPv
                0x08005810        0x8 bn_bgs_manager.o
                0x08005810                _ZN2bn11bgs_manager5hw_idEPv
 .text._ZN2bn11bgs_manager11hw_positionEPv
                0x08005818        0x4 bn_bgs_manager.o
                0x08005818                _ZN2bn11bgs_manager11hw_positionEPv
 .text._ZN2bn11bgs_manager14mat_attributesEPv
                0x0800581c        0x4 bn_bgs_manager.o
                0x0800581c                _ZN2bn11bgs_manager14mat_attributesEPv
 .text._ZN2bn11bgs_manager20update_windows_flagsEPj
                0x08005820       0x7c bn_bgs_manager.o
                0x08005820                _ZN2bn11bgs_manager20update_windows_flagsEPj
 .text._ZN2bn11bgs_manager14update_camerasEv
                0x0800589c      0x138 bn_bgs_manager.o
                0x0800589c                _ZN2bn11bgs_manager14update_camerasEv
 .text._ZN2bn11bgs_manager28update_regular_map_tiles_cbbEii
                0x080059d4       0x94 bn_bgs_manager.o
                0x080059d4                _ZN2bn11bgs_manager28update_regular_map_tiles_cbbEii
 .text._ZN2bn11bgs_manager30update_regular_map_palette_bppEiNS_8bpp_modeE
                0x08005a68       0x98 bn_bgs_manager.o
                0x08005a68                _ZN2bn11bgs_manager30update_regular_map_palette_bppEiNS_8bpp_modeE
 .text._ZN2bn11bgs_manager36fill_hblank_effect_regular_positionsEiPKNS_7fixed_tILi12EEEPt
                0x08005b00       0x38 bn_bgs_manager.o
                0x08005b00                _ZN2bn11bgs_manager36fill_hblank_effect_regular_positionsEiPKNS_7fixed_tILi12EEEPt
 .text._ZN2bn11bgs_manager45fill_hblank_effect_pivot_horizontal_positionsEPvPKNS_7fixed_tILi12EEEPj
                0x08005b38       0x28 bn_bgs_manager.o
                0x08005b38                _ZN2bn11bgs_manager45fill_hblank_effect_pivot_horizontal_positionsEPvPKNS_7fixed_tILi12EEEPj
 .text._ZN2bn11bgs_manager43fill_hblank_effect_pivot_vertical_positionsEPvPKNS_7fixed_tILi12EEEPj
                0x08005b60       0x28 bn_bgs_manager.o
                0x08005b60                _ZN2bn11bgs_manager43fill_hblank_effect_pivot_vertical_positionsEPvPKNS_7fixed_tILi12EEEPj
 .text._ZN2bn11bgs_manager36fill_hblank_effect_bitmap_attributesEPvPKNS_20bitmap_bg_attributesEPt
                0x08005b88       0x50 bn_bgs_manager.o
                0x08005b88                _ZN2bn11bgs_manager36fill_hblank_effect_bitmap_attributesEPvPKNS_20bitmap_bg_attributesEPt
 .text._ZN2bn11bgs_manager6commitEb
                0x08005bd8       0x58 bn_bgs_manager.o
                0x08005bd8                _ZN2bn11bgs_manager6commitEb
 .text._ZN2bn11bgs_manager4stopEv
                0x08005c30       0x28 bn_bgs_manager.o
                0x08005c30                _ZN2bn11bgs_manager4stopEv
 .text._ZN3_bn6assert9show_argsIA17_ciEEvPKcS4_S4_iRKT_RKT0_
                0x08005c58       0x54 bn_bgs_manager.o
                0x08005c58                _ZN3_bn6assert9show_argsIA17_ciEEvPKcS4_S4_iRKT_RKT0_
 .text._ZN3_bn6assert9show_argsIA30_cEEvPKcS4_S4_iRKT_
                0x08005cac       0x48 bn_bgs_manager.o
                0x08005cac                _ZN3_bn6assert9show_argsIA30_cEEvPKcS4_S4_iRKT_
 .text._ZN2bn11bgs_manager15commit_big_mapsEv
                0x08005cf4      0x208 bn_bgs_manager.o
                0x08005cf4                _ZN2bn11bgs_manager15commit_big_mapsEv
 .text._ZN2bn11bgs_manager12_GLOBAL__N_19item_type18update_regular_mapEv
                0x08005efc      0x1b4 bn_bgs_manager.o
 .text._ZN2bn11bgs_manager10affine_mapEPv
                0x080060b0       0x34 bn_bgs_manager.o
                0x080060b0                _ZN2bn11bgs_manager10affine_mapEPv
 .text._ZN2bn11bgs_manager11regular_mapEPv
                0x080060e4       0x34 bn_bgs_manager.o
                0x080060e4                _ZN2bn11bgs_manager11regular_mapEPv
 .text._ZN3_bn6assert9show_argsIA27_cEEvPKcS4_S4_iRKT_
                0x08006118       0x48 bn_bgs_manager.o
                0x08006118                _ZN3_bn6assert9show_argsIA27_cEEvPKcS4_S4_iRKT_
 .text._ZN3_bn6assert9show_argsIA46_cEEvPKcS4_S4_iRKT_
                0x08006160       0x48 bn_bgs_manager.o
                0x08006160                _ZN3_bn6assert9show_argsIA46_cEEvPKcS4_S4_iRKT_
 .text._ZN2bn11bgs_manager36fill_hblank_effect_affine_attributesEPvPKNS_20affine_bg_attributesEPt
                0x080061a8      0x10c bn_bgs_manager.o
                0x080061a8                _ZN2bn11bgs_manager36fill_hblank_effect_affine_attributesEPvPKNS_20affine_bg_attributesEPt
 .text._ZN2bn11bgs_manager37fill_hblank_effect_regular_attributesEPvPKNS_21regular_bg_attributesEPt
                0x080062b4      0x118 bn_bgs_manager.o
                0x080062b4                _ZN2bn11bgs_manager37fill_hblank_effect_regular_attributesEPvPKNS_21regular_bg_attributesEPt
 .text._ZN2bn11bgs_manager15rebuild_handlesEv.part.0
                0x080063cc      0x27c bn_bgs_manager.o
 .text._ZN2bn11bgs_manager6updateEv
                0x08006648      0x158 bn_bgs_manager.o
                0x08006648                _ZN2bn11bgs_manager6updateEv
 .text._ZN2bn11bgs_manager12_GLOBAL__N_1L12_insert_itemERNS1_9item_typeE
                0x080067a0      0x124 bn_bgs_manager.o
 .text._ZN3_bn6assert9show_argsIA13_cEEvPKcS4_S4_iRKT_
                0x080068c4       0x48 bn_bgs_manager.o
                0x080068c4                _ZN3_bn6assert9show_argsIA13_cEEvPKcS4_S4_iRKT_
 .text._ZN2bn11bgs_manager6createEONS_18regular_bg_builderE
                0x0800690c      0x25c bn_bgs_manager.o
                0x0800690c                _ZN2bn11bgs_manager6createEONS_18regular_bg_builderE
 .text._ZNK2bn15regular_bg_item9create_bgENS_7fixed_tILi12EEES2_
                0x08006b68       0x78 bn_bgs_manager.o
                0x08006b68                _ZNK2bn15regular_bg_item9create_bgENS_7fixed_tILi12EEES2_
 .text._ZN2bn10camera_ptrC2ERKS0_
                0x08006be0       0x20 bn_cameras_manager.o
                0x08006be0                _ZN2bn10camera_ptrC2ERKS0_
                0x08006be0                _ZN2bn10camera_ptrC1ERKS0_
 .text._ZN2bn10camera_ptraSERKS0_
                0x08006c00       0x70 bn_cameras_manager.o
                0x08006c00                _ZN2bn10camera_ptraSERKS0_
 .text._ZN2bn10camera_ptrD2Ev
                0x08006c70       0x38 bn_cameras_manager.o
                0x08006c70                _ZN2bn10camera_ptrD2Ev
                0x08006c70                _ZN2bn10camera_ptrD1Ev
 .text._ZNK2bn10camera_ptr8positionEv
                0x08006ca8       0x14 bn_cameras_manager.o
                0x08006ca8                _ZNK2bn10camera_ptr8positionEv
 .text._ZN2bn15cameras_manager4initEv
                0x08006cbc       0x24 bn_cameras_manager.o
                0x08006cbc                _ZN2bn15cameras_manager4initEv
 .text._ZN2bn15cameras_manager6updateEv
                0x08006ce0       0x28 bn_cameras_manager.o
                0x08006ce0                _ZN2bn15cameras_manager6updateEv
 .text._ZN2bn4core12_GLOBAL__N_1L12_vblank_intrEv
                0x08006d08       0x3c bn_core.o
 .text._ZN2bn4core12_GLOBAL__N_1L4stopEb
                0x08006d44       0x60 bn_core.o
 .text._ZN2bn4core12_GLOBAL__N_1L11update_implEv
                0x08006da4      0x110 bn_core.o
 .text._ZN2bn4core6updateEv
                0x08006eb4       0x78 bn_core.o
                0x08006eb4                _ZN2bn4core6updateEv
 .text._ZN2bn4core4initERKNS_8optionalINS_5colorEEERKNS_11string_viewE
                0x08006f2c      0x138 bn_core.o
                0x08006f2c                _ZN2bn4core4initERKNS_8optionalINS_5colorEEERKNS_11string_viewE
 .text._ZN2bn4core4initEv
                0x08007064       0x20 bn_core.o
                0x08007064                _ZN2bn4core4initEv
 .text._ZN2bn11string_viewC2EPKc
                0x08007084       0x40 bn_core.o
                0x08007084                _ZN2bn11string_viewC1EPKc
                0x08007084                _ZN2bn11string_viewC2EPKc
 .text._ZN3_bn6assert12_GLOBAL__N_1L10_show_implEPKcS3_S3_iRKN2bn11string_viewE
                0x080070c4       0x80 bn_core.o
 .text._ZN3_bn6assert4showEPKcS2_S2_iRKN2bn12istring_baseE
                0x08007144       0x18 bn_core.o
                0x08007144                _ZN3_bn6assert4showEPKcS2_S2_iRKN2bn12istring_baseE
 .text._ZN2bn15display_manager12_GLOBAL__N_1L34_update_rect_windows_hw_boundariesEi
                0x0800715c       0x84 bn_display_manager.o
 .text._ZN2bn15display_manager4initEv
                0x080071e0       0xa0 bn_display_manager.o
                0x080071e0                _ZN2bn15display_manager4initEv
 .text._ZN2bn15display_manager8set_modeEi
                0x08007280       0x1c bn_display_manager.o
                0x08007280                _ZN2bn15display_manager8set_modeEi
 .text._ZN2bn15display_manager14set_bg_enabledEib
                0x0800729c       0x1c bn_display_manager.o
                0x0800729c                _ZN2bn15display_manager14set_bg_enabledEib
 .text._ZN2bn15display_manager15disable_all_bgsEv
                0x080072b8       0x18 bn_display_manager.o
                0x080072b8                _ZN2bn15display_manager15disable_all_bgsEv
 .text._ZN2bn15display_manager36fill_mosaic_hblank_effect_attributesEPKNS_17mosaic_attributesEPt
                0x080072d0       0x98 bn_display_manager.o
                0x080072d0                _ZN2bn15display_manager36fill_mosaic_hblank_effect_attributesEPKNS_17mosaic_attributesEPt
 .text._ZN2bn15display_manager27set_blending_top_bg_enabledEib
                0x08007368       0x20 bn_display_manager.o
                0x08007368                _ZN2bn15display_manager27set_blending_top_bg_enabledEib
 .text._ZN2bn15display_manager30set_blending_bottom_bg_enabledEib
                0x08007388       0x20 bn_display_manager.o
                0x08007388                _ZN2bn15display_manager30set_blending_bottom_bg_enabledEib
 .text._ZN2bn15display_manager32blending_transparency_top_weightEv
                0x080073a8       0x18 bn_display_manager.o
                0x080073a8                _ZN2bn15display_manager32blending_transparency_top_weightEv
 .text._ZN2bn15display_manager35blending_transparency_bottom_weightEv
                0x080073c0       0x28 bn_display_manager.o
                0x080073c0                _ZN2bn15display_manager35blending_transparency_bottom_weightEv
 .text._ZN2bn15display_manager51fill_blending_transparency_hblank_effect_attributesEPKNS_32blending_transparency_attributesEPt
                0x080073e8       0x30 bn_display_manager.o
                0x080073e8                _ZN2bn15display_manager51fill_blending_transparency_hblank_effect_attributesEPKNS_32blending_transparency_attributesEPt
 .text._ZN2bn15display_manager21blending_fade_enabledEv
                0x08007418        0xc bn_display_manager.o
                0x08007418                _ZN2bn15display_manager21blending_fade_enabledEv
 .text._ZN2bn15display_manager39fill_blending_fade_hblank_effect_alphasEPKNS_19blending_fade_alphaEPt
                0x08007424       0x24 bn_display_manager.o
                0x08007424                _ZN2bn15display_manager39fill_blending_fade_hblank_effect_alphasEPKNS_19blending_fade_alphaEPt
 .text._ZN2bn15display_manager26update_windows_visible_bgsEv
                0x08007448       0x14 bn_display_manager.o
                0x08007448                _ZN2bn15display_manager26update_windows_visible_bgsEv
 .text._ZN2bn15display_manager36rect_window_hw_horizontal_boundariesEi
                0x0800745c       0x18 bn_display_manager.o
                0x0800745c                _ZN2bn15display_manager36rect_window_hw_horizontal_boundariesEi
 .text._ZN2bn15display_manager34rect_window_hw_vertical_boundariesEi
                0x08007474       0x18 bn_display_manager.o
                0x08007474                _ZN2bn15display_manager34rect_window_hw_vertical_boundariesEi
 .text._ZN2bn15display_manager52fill_rect_window_hblank_effect_horizontal_boundariesERKSt4pairIiiEPKS1_INS_7fixed_tILi12EEES6_EPt
                0x0800748c      0x134 bn_display_manager.o
                0x0800748c                _ZN2bn15display_manager52fill_rect_window_hblank_effect_horizontal_boundariesERKSt4pairIiiEPKS1_INS_7fixed_tILi12EEES6_EPt
 .text._ZN2bn15display_manager50fill_rect_window_hblank_effect_vertical_boundariesERKSt4pairIiiEPKS1_INS_7fixed_tILi12EEES6_EPt
                0x080075c0      0x134 bn_display_manager.o
                0x080075c0                _ZN2bn15display_manager50fill_rect_window_hblank_effect_vertical_boundariesERKSt4pairIiiEPKS1_INS_7fixed_tILi12EEES6_EPt
 .text._ZN2bn15display_manager36fill_green_swap_hblank_effect_statesEPKbPt
                0x080076f4       0x38 bn_display_manager.o
                0x080076f4                _ZN2bn15display_manager36fill_green_swap_hblank_effect_statesEPKbPt
 .text._ZN2bn15display_manager14update_camerasEv
                0x0800772c       0x40 bn_display_manager.o
                0x0800772c                _ZN2bn15display_manager14update_camerasEv
 .text._ZN2bn15display_manager6updateEv
                0x0800776c      0x250 bn_display_manager.o
                0x0800776c                _ZN2bn15display_manager6updateEv
 .text._ZN2bn15display_manager6commitEv
                0x080079bc      0x14c bn_display_manager.o
                0x080079bc                _ZN2bn15display_manager6commitEv
 .text._ZN2bn15display_manager4stopEv
                0x08007b08       0x34 bn_display_manager.o
                0x08007b08                _ZN2bn15display_manager4stopEv
 .text._ZN3_bn6assert9show_argsIA66_cEEvPKcS4_S4_iRKT_
                0x08007b3c       0x48 bn_display_manager.o
                0x08007b3c                _ZN3_bn6assert9show_argsIA66_cEEvPKcS4_S4_iRKT_
 .text._ZN2bn12gpio_manager5sleepEv
                0x08007b84       0x28 bn_gpio_manager.o
                0x08007b84                _ZN2bn12gpio_manager5sleepEv
 .text._ZN2bn22hblank_effects_manager12_GLOBAL__N_19item_type18_output_values_ptrEv
                0x08007bac       0x40 bn_hblank_effects_manager.o
 .text._ZN2bn22hblank_effects_manager7disableEv
                0x08007bec       0x24 bn_hblank_effects_manager.o
                0x08007bec                _ZN2bn22hblank_effects_manager7disableEv
 .text._ZN2bn22hblank_effects_manager4stopEv
                0x08007c10       0x38 bn_hblank_effects_manager.o
                0x08007c10                _ZN2bn22hblank_effects_manager4stopEv
 .text._ZN2bn22hblank_effects_manager6commitEv
                0x08007c48       0x8c bn_hblank_effects_manager.o
                0x08007c48                _ZN2bn22hblank_effects_manager6commitEv
 .text._ZN2bn22hblank_effects_manager12_GLOBAL__N_1L10_is_uint32ENS0_12handler_typeE
                0x08007cd4       0x64 bn_hblank_effects_manager.o
 .text._ZN2bn22hblank_effects_manager12_GLOBAL__N_19item_type12check_updateEv
                0x08007d38     0x1664 bn_hblank_effects_manager.o
 .text._ZN2bn22hblank_effects_manager6updateEv
                0x0800939c      0x1ec bn_hblank_effects_manager.o
                0x0800939c                _ZN2bn22hblank_effects_manager6updateEv
 .text._ZN2bn22hblank_effects_manager4initEv
                0x08009588      0x180 bn_hblank_effects_manager.o
                0x08009588                _ZN2bn22hblank_effects_manager4initEv
 .text.startup._GLOBAL__sub_I__ZN2bn4hbes10used_countEv
                0x08009708       0x14 bn_hblank_effects_manager.o
 .text._ZN2bn12hdma_manager4initEv
                0x0800971c       0x38 bn_hdma_manager.o
                0x0800971c                _ZN2bn12hdma_manager4initEv
 .text._ZN2bn12hdma_manager10force_stopEv
                0x08009754       0x5c bn_hdma_manager.o
                0x08009754                _ZN2bn12hdma_manager10force_stopEv
 .text._ZN2bn12hdma_manager7disableEv
                0x080097b0       0x48 bn_hdma_manager.o
                0x080097b0                _ZN2bn12hdma_manager7disableEv
 .text._ZN2bn12hdma_manager6updateEv
                0x080097f8       0x6c bn_hdma_manager.o
                0x080097f8                _ZN2bn12hdma_manager6updateEv
 .text._ZN2bn12hdma_manager24commit_interrupt_handlerEv
                0x08009864       0x20 bn_hdma_manager.o
                0x08009864                _ZN2bn12hdma_manager24commit_interrupt_handlerEv
 .text._ZN2bn12hdma_manager14commit_entriesEb
                0x08009884      0x168 bn_hdma_manager.o
                0x08009884                _ZN2bn12hdma_manager14commit_entriesEb
 .text._ZN2bn6keypad9a_pressedEv
                0x080099ec       0x10 bn_keypad_manager.o
                0x080099ec                _ZN2bn6keypad9a_pressedEv
 .text._ZN2bn6keypad9b_pressedEv
                0x080099fc       0x10 bn_keypad_manager.o
                0x080099fc                _ZN2bn6keypad9b_pressedEv
 .text._ZN2bn6keypad14select_pressedEv
                0x08009a0c       0x10 bn_keypad_manager.o
                0x08009a0c                _ZN2bn6keypad14select_pressedEv
 .text._ZN2bn6keypad13start_pressedEv
                0x08009a1c       0x10 bn_keypad_manager.o
                0x08009a1c                _ZN2bn6keypad13start_pressedEv
 .text._ZN2bn6keypad10right_heldEv
                0x08009a2c       0x10 bn_keypad_manager.o
                0x08009a2c                _ZN2bn6keypad10right_heldEv
 .text._ZN2bn6keypad13right_pressedEv
                0x08009a3c       0x10 bn_keypad_manager.o
                0x08009a3c                _ZN2bn6keypad13right_pressedEv
 .text._ZN2bn6keypad9left_heldEv
                0x08009a4c       0x10 bn_keypad_manager.o
                0x08009a4c                _ZN2bn6keypad9left_heldEv
 .text._ZN2bn6keypad12left_pressedEv
                0x08009a5c       0x10 bn_keypad_manager.o
                0x08009a5c                _ZN2bn6keypad12left_pressedEv
 .text._ZN2bn6keypad7up_heldEv
                0x08009a6c       0x10 bn_keypad_manager.o
                0x08009a6c                _ZN2bn6keypad7up_heldEv
 .text._ZN2bn6keypad9down_heldEv
                0x08009a7c        0xc bn_keypad_manager.o
                0x08009a7c                _ZN2bn6keypad9down_heldEv
 .text._ZN2bn14keypad_manager4stopEv
                0x08009a88        0x4 bn_keypad_manager.o
                0x08009a88                _ZN2bn14keypad_manager4stopEv
 .text._ZN2bn14keypad_manager6updateEv
                0x08009a8c       0xb8 bn_keypad_manager.o
                0x08009a8c                _ZN2bn14keypad_manager6updateEv
 .text._ZN2bn14keypad_manager4initERKNS_11string_viewE
                0x08009b44       0x64 bn_keypad_manager.o
                0x08009b44                _ZN2bn14keypad_manager4initERKNS_11string_viewE
 .text._ZN2bn12link_manager4initEv
                0x08009ba8        0xc bn_link_manager.o
                0x08009ba8                _ZN2bn12link_manager4initEv
 .text._ZN2bn12link_manager6activeEv
                0x08009bb4        0xc bn_link_manager.o
                0x08009bb4                _ZN2bn12link_manager6activeEv
 .text._ZN2bn12link_manager7disableEv
                0x08009bc0       0x18 bn_link_manager.o
                0x08009bc0                _ZN2bn12link_manager7disableEv
 .text._ZN2bn12link_manager6commitEv
                0x08009bd8       0x18 bn_link_manager.o
                0x08009bd8                _ZN2bn12link_manager6commitEv
 .text._ZN3_bn6memory18unsafe_clear_wordsEiPv
                0x08009bf0       0x14 bn_memory_manager.o
                0x08009bf0                _ZN3_bn6memory18unsafe_clear_wordsEiPv
 .text._ZN2bn4freeEPv
                0x08009c04       0x14 bn_memory_manager.o
                0x08009c04                _ZN2bn4freeEPv
 .text._ZN2bn14memory_manager4initEv
                0x08009c18       0x2c bn_memory_manager.o
                0x08009c18                _ZN2bn14memory_manager4initEv
 .text._ZN2bn2hw8palettes9grayscaleEPKNS_5colorEiiPS2_.part.0
                0x08009c44       0x40 bn_palettes_manager.o
 .text._ZN2bn14bg_palette_ptrC2ERKS0_
                0x08009c84       0x28 bn_palettes_manager.o
                0x08009c84                _ZN2bn14bg_palette_ptrC1ERKS0_
                0x08009c84                _ZN2bn14bg_palette_ptrC2ERKS0_
 .text._ZNK2bn14bg_palette_ptr3bppEv
                0x08009cac       0x20 bn_palettes_manager.o
                0x08009cac                _ZNK2bn14bg_palette_ptr3bppEv
 .text._ZN2bn18sprite_palette_ptrC2ERKS0_
                0x08009ccc       0x1c bn_palettes_manager.o
                0x08009ccc                _ZN2bn18sprite_palette_ptrC2ERKS0_
                0x08009ccc                _ZN2bn18sprite_palette_ptrC1ERKS0_
 .text._ZNK2bn18sprite_palette_ptr3bppEv
                0x08009ce8       0x1c bn_palettes_manager.o
                0x08009ce8                _ZNK2bn18sprite_palette_ptr3bppEv
 .text._ZNK2bn13palettes_bank10log_statusEv
                0x08009d04      0x178 bn_palettes_manager.o
                0x08009d04                _ZNK2bn13palettes_bank10log_statusEv
 .text._ZN2bn13palettes_bank10find_bpp_4ERKNS_4spanIKNS_5colorEEEt
                0x08009e7c      0x118 bn_palettes_manager.o
                0x08009e7c                _ZN2bn13palettes_bank10find_bpp_4ERKNS_4spanIKNS_5colorEEEt
 .text._ZNK2bn13palettes_bank20retrieve_commit_dataEv
                0x08009f94       0x4c bn_palettes_manager.o
                0x08009f94                _ZNK2bn13palettes_bank20retrieve_commit_dataEv
 .text._ZNK2bn13palettes_bank7palette13apply_effectsEiPNS_5colorE
                0x08009fe0       0xb0 bn_palettes_manager.o
                0x08009fe0                _ZNK2bn13palettes_bank7palette13apply_effectsEiPNS_5colorE
 .text._ZN2bn13palettes_bank15_update_paletteEi
                0x0800a090       0x70 bn_palettes_manager.o
                0x0800a090                _ZN2bn13palettes_bank15_update_paletteEi
 .text._ZN2bn16palettes_manager4initERKNS_8optionalINS_5colorEEE
                0x0800a100      0x16c bn_palettes_manager.o
                0x0800a100                _ZN2bn16palettes_manager4initERKNS_8optionalINS_5colorEEE
 .text._ZN2bn16palettes_manager20sprite_palettes_bankEv
                0x0800a26c        0x8 bn_palettes_manager.o
                0x0800a26c                _ZN2bn16palettes_manager20sprite_palettes_bankEv
 .text._ZN2bn16palettes_manager16bg_palettes_bankEv
                0x0800a274        0x8 bn_palettes_manager.o
                0x0800a274                _ZN2bn16palettes_manager16bg_palettes_bankEv
 .text._ZN2bn16palettes_manager6commitEb
                0x0800a27c       0xf8 bn_palettes_manager.o
                0x0800a27c                _ZN2bn16palettes_manager6commitEb
 .text._ZN2bn16palettes_manager4stopEv
                0x0800a374       0x20 bn_palettes_manager.o
                0x0800a374                _ZN2bn16palettes_manager4stopEv
 .text._ZN3_bn6assert9show_argsIA35_cEEvPKcS4_S4_iRKT_
                0x0800a394       0x48 bn_palettes_manager.o
                0x0800a394                _ZN3_bn6assert9show_argsIA35_cEEvPKcS4_S4_iRKT_
 .text._ZN2bn13palettes_bank11colors_hashERKNS_4spanIKNS_5colorEEE
                0x0800a3dc       0x48 bn_palettes_manager.o
                0x0800a3dc                _ZN2bn13palettes_bank11colors_hashERKNS_4spanIKNS_5colorEEE
 .text._ZN3_bn6assert9show_argsIJA43_ciA38_cA42_cEEEvPKcS6_S6_iDpRKT_
                0x0800a424       0x64 bn_palettes_manager.o
                0x0800a424                _ZN3_bn6assert9show_argsIJA43_ciA38_cA42_cEEEvPKcS6_S6_iDpRKT_
 .text._ZN2bn13palettes_bank12create_bpp_8ERKNS_4spanIKNS_5colorEEENS_16compression_typeEb
                0x0800a488      0x230 bn_palettes_manager.o
                0x0800a488                _ZN2bn13palettes_bank12create_bpp_8ERKNS_4spanIKNS_5colorEEENS_16compression_typeEb
 .text._ZNK2bn13palettes_bank21_apply_global_effectsEiPNS_5colorE
                0x0800a6b8      0x190 bn_palettes_manager.o
                0x0800a6b8                _ZNK2bn13palettes_bank21_apply_global_effectsEiPNS_5colorE
 .text._ZN2bn13palettes_bank6updateEv
                0x0800a848      0x138 bn_palettes_manager.o
                0x0800a848                _ZN2bn13palettes_bank6updateEv
 .text._ZN2bn16palettes_manager6updateEv
                0x0800a980       0x20 bn_palettes_manager.o
                0x0800a980                _ZN2bn16palettes_manager6updateEv
 .text._ZNK2bn13palettes_bank25fill_hblank_effect_colorsEiPKNS_5colorEPt
                0x0800a9a0       0x44 bn_palettes_manager.o
                0x0800a9a0                _ZNK2bn13palettes_bank25fill_hblank_effect_colorsEiPKNS_5colorEPt
 .text._ZNK2bn13palettes_bank25fill_hblank_effect_colorsEPKNS_5colorEPt
                0x0800a9e4       0x30 bn_palettes_manager.o
                0x0800a9e4                _ZNK2bn13palettes_bank25fill_hblank_effect_colorsEPKNS_5colorEPt
 .text._ZNK2bn19sprite_palette_item10decompressENS_4spanINS_5colorEEE
                0x0800aa14      0x168 bn_palettes_manager.o
                0x0800aa14                _ZNK2bn19sprite_palette_item10decompressENS_4spanINS_5colorEEE
 .text._ZNK2bn15bg_palette_item10decompressENS_4spanINS_5colorEEE
                0x0800ab7c      0x168 bn_palettes_manager.o
                0x0800ab7c                _ZNK2bn15bg_palette_item10decompressENS_4spanINS_5colorEEE
 .text._ZN2bn14iunordered_mapItsNS_15identity_hasherENS_8equal_toItEEE21insert_or_assign_hashEjOSt4pairIKtsE.isra.0
                0x0800ace4      0x108 bn_palettes_manager.o
 .text._ZN2bn13palettes_bank12create_bpp_4ERKNS_4spanIKNS_5colorEEEtb
                0x0800adec      0x164 bn_palettes_manager.o
                0x0800adec                _ZN2bn13palettes_bank12create_bpp_4ERKNS_4spanIKNS_5colorEEEtb
 .text._ZN2bn12_GLOBAL__N_1L12_create_implERKNS_15bg_palette_itemEb
                0x0800af50       0xa0 bn_palettes_manager.o
 .text._ZN2bn14bg_palette_ptr6createERKNS_15bg_palette_itemE
                0x0800aff0       0x54 bn_palettes_manager.o
                0x0800aff0                _ZN2bn14bg_palette_ptr6createERKNS_15bg_palette_itemE
 .text._ZN2bn12_GLOBAL__N_1L12_create_implERKNS_19sprite_palette_itemEb
                0x0800b044       0x88 bn_palettes_manager.o
 .text._ZN2bn18sprite_palette_ptr6createERKNS_19sprite_palette_itemE
                0x0800b0cc       0x48 bn_palettes_manager.o
                0x0800b0cc                _ZN2bn18sprite_palette_ptr6createERKNS_19sprite_palette_itemE
 .text._ZN2bn13palettes_bank30_erase_bpp_4_indexes_map_indexEt
                0x0800b114      0x1c4 bn_palettes_manager.o
                0x0800b114                _ZN2bn13palettes_bank30_erase_bpp_4_indexes_map_indexEt
 .text._ZN2bn13palettes_bank15decrease_usagesEi
                0x0800b2d8       0x80 bn_palettes_manager.o
                0x0800b2d8                _ZN2bn13palettes_bank15decrease_usagesEi
 .text._ZN2bn14bg_palette_ptraSERKS0_
                0x0800b358       0x48 bn_palettes_manager.o
                0x0800b358                _ZN2bn14bg_palette_ptraSERKS0_
 .text._ZN2bn14bg_palette_ptrD2Ev
                0x0800b3a0       0x20 bn_palettes_manager.o
                0x0800b3a0                _ZN2bn14bg_palette_ptrD1Ev
                0x0800b3a0                _ZN2bn14bg_palette_ptrD2Ev
 .text._ZN2bn18sprite_palette_ptrD2Ev
                0x0800b3c0       0x20 bn_palettes_manager.o
                0x0800b3c0                _ZN2bn18sprite_palette_ptrD1Ev
                0x0800b3c0                _ZN2bn18sprite_palette_ptrD2Ev
 .text._ZN2bn26sprite_affine_mats_manager12_GLOBAL__N_1L19_sprite_double_sizeILi32ELi16EEEbiiiii
                0x0800b3e0       0x80 bn_sprite_affine_mats_manager.o
 .text._ZN2bn26sprite_affine_mats_manager12_GLOBAL__N_1L19_sprite_double_sizeILi16ELi32EEEbiiiii
                0x0800b460       0x80 bn_sprite_affine_mats_manager.o
 .text._ZNK2bn26sprite_affine_mats_manager12_GLOBAL__N_19item_type18sprite_double_sizeEiRKNS_17sprite_shape_sizeE.isra.0
                0x0800b4e0      0x1b4 bn_sprite_affine_mats_manager.o
 .text._ZNK2bn21sprite_affine_mat_ptr15horizontal_flipEv
                0x0800b694       0x18 bn_sprite_affine_mats_manager.o
                0x0800b694                _ZNK2bn21sprite_affine_mat_ptr15horizontal_flipEv
 .text._ZNK2bn21sprite_affine_mat_ptr13vertical_flipEv
                0x0800b6ac       0x18 bn_sprite_affine_mats_manager.o
                0x0800b6ac                _ZNK2bn21sprite_affine_mat_ptr13vertical_flipEv
 .text._ZNK2bn21sprite_affine_mat_ptr16flipped_identityEv
                0x0800b6c4       0x14 bn_sprite_affine_mats_manager.o
                0x0800b6c4                _ZNK2bn21sprite_affine_mat_ptr16flipped_identityEv
 .text._ZN2bn26sprite_affine_mats_manager13attach_spriteEiRNS_24intrusive_list_node_typeE
                0x0800b6d8       0x2c bn_sprite_affine_mats_manager.o
                0x0800b6d8                _ZN2bn26sprite_affine_mats_manager13attach_spriteEiRNS_24intrusive_list_node_typeE
 .text._ZN2bn26sprite_affine_mats_manager18sprite_double_sizeEiRKNS_17sprite_shape_sizeE
                0x0800b704       0x54 bn_sprite_affine_mats_manager.o
                0x0800b704                _ZN2bn26sprite_affine_mats_manager18sprite_double_sizeEiRKNS_17sprite_shape_sizeE
 .text._ZN2bn26sprite_affine_mats_manager20retrieve_commit_dataEv
                0x0800b758       0x3c bn_sprite_affine_mats_manager.o
                0x0800b758                _ZN2bn26sprite_affine_mats_manager20retrieve_commit_dataEv
 .text._ZN3_bn6assert9show_argsIA37_cEEvPKcS4_S4_iRKT_
                0x0800b794       0x48 bn_sprite_affine_mats_manager.o
                0x0800b794                _ZN3_bn6assert9show_argsIA37_cEEvPKcS4_S4_iRKT_
 .text._ZN3_bn6assert9show_argsIA16_cEEvPKcS4_S4_iRKT_
                0x0800b7dc       0x48 bn_sprite_affine_mats_manager.o
                0x0800b7dc                _ZN3_bn6assert9show_argsIA16_cEEvPKcS4_S4_iRKT_
 .text._ZN2bn26sprite_affine_mats_manager15decrease_usagesEi.part.0
                0x0800b824       0x70 bn_sprite_affine_mats_manager.o
 .text._ZN2bn21sprite_affine_mat_ptrD2Ev
                0x0800b894       0x34 bn_sprite_affine_mats_manager.o
                0x0800b894                _ZN2bn21sprite_affine_mat_ptrD1Ev
                0x0800b894                _ZN2bn21sprite_affine_mat_ptrD2Ev
 .text._ZN2bn26sprite_affine_mats_manager6updateEv
                0x0800b8c8      0x2a4 bn_sprite_affine_mats_manager.o
                0x0800b8c8                _ZN2bn26sprite_affine_mats_manager6updateEv
 .text._ZN2bn26sprite_affine_mats_manager4initEPv
                0x0800bb6c      0x100 bn_sprite_affine_mats_manager.o
                0x0800bb6c                _ZN2bn26sprite_affine_mats_manager4initEPv
 .text._ZN2bn26sprite_affine_mats_manager14dettach_spriteEiRNS_24intrusive_list_node_typeE
                0x0800bc6c       0x4c bn_sprite_affine_mats_manager.o
                0x0800bc6c                _ZN2bn26sprite_affine_mats_manager14dettach_spriteEiRNS_24intrusive_list_node_typeE
 .text._ZN2bn12_GLOBAL__N_1L14_setup_builderERKNS_21sprite_text_generatorERNS_14sprite_builderE
                0x0800bcb8       0x68 bn_sprite_text_generator.o
 .text._ZN2bn21sprite_text_generator5_initEv
                0x0800bd20      0x1b4 bn_sprite_text_generator.o
                0x0800bd20                _ZN2bn21sprite_text_generator5_initEv
 .text._ZN2bn21sprite_text_generatorC2ERKNS_11sprite_fontE
                0x0800bed4       0x38 bn_sprite_text_generator.o
                0x0800bed4                _ZN2bn21sprite_text_generatorC2ERKNS_11sprite_fontE
                0x0800bed4                _ZN2bn21sprite_text_generatorC1ERKNS_11sprite_fontE
 .text._ZN3_bn6assert9show_argsIA54_cEEvPKcS4_S4_iRKT_
                0x0800bf0c       0x48 bn_sprite_text_generator.o
                0x0800bf0c                _ZN3_bn6assert9show_argsIA54_cEEvPKcS4_S4_iRKT_
 .text._ZN3_bn6assert9show_argsIJA25_ciA4_ctEEEvPKcS5_S5_iDpRKT_
                0x0800bf54       0x64 bn_sprite_text_generator.o
                0x0800bf54                _ZN3_bn6assert9show_argsIJA25_ciA4_ctEEEvPKcS5_S5_iDpRKT_
 .text._ZN2bn14utf8_characterC2ERKc
                0x0800bfb8      0x140 bn_sprite_text_generator.o
                0x0800bfb8                _ZN2bn14utf8_characterC2ERKc
                0x0800bfb8                _ZN2bn14utf8_characterC1ERKc
 .text._ZN2bn12_GLOBAL__N_1L15_graphics_indexEcRKNS_23utf8_characters_map_refEPKcRi.part.0
                0x0800c0f8       0x8c bn_sprite_text_generator.o
 .text._ZN3_bn6assert9show_argsIJA20_ccA9_cN2bn11string_viewEA2_cEEEvPKcS8_S8_iDpRKT_
                0x0800c184       0x6c bn_sprite_text_generator.o
                0x0800c184                _ZN3_bn6assert9show_argsIJA20_ccA9_cN2bn11string_viewEA2_cEEEvPKcS8_S8_iDpRKT_
 .text._ZNK2bn21sprite_text_generator5widthERKNS_11string_viewE
                0x0800c1f0      0x238 bn_sprite_text_generator.o
                0x0800c1f0                _ZNK2bn21sprite_text_generator5widthERKNS_11string_viewE
 .text._ZN3_bn6assert9show_argsIA55_cEEvPKcS4_S4_iRKT_
                0x0800c428       0x48 bn_sprite_text_generator.o
                0x0800c428                _ZN3_bn6assert9show_argsIA55_cEEvPKcS4_S4_iRKT_
 .text._ZN2bn12_GLOBAL__N_1L20_build_sprite_assertILNS_11sprite_sizeE2EEEPNS_4tileERKNS_21sprite_text_generatorERKNS_18sprite_palette_ptrERKNS_13fixed_point_tILi12EEERNS_7ivectorINS_10sprite_ptrEEE
                0x0800c470      0x198 bn_sprite_text_generator.o
 .text._ZN2bn12_GLOBAL__N_1L20_build_sprite_assertILNS_11sprite_sizeE1EEEPNS_4tileERKNS_21sprite_text_generatorERKNS_18sprite_palette_ptrERKNS_13fixed_point_tILi12EEERNS_7ivectorINS_10sprite_ptrEEE
                0x0800c608      0x198 bn_sprite_text_generator.o
 .text._ZN2bn12_GLOBAL__N_1L9_generateILb0EEEbRKNS_21sprite_text_generatorERKNS_13fixed_point_tILi12EEERKNS_11string_viewERKNS_23utf8_characters_map_refEiibRNS_7ivectorINS_10sprite_ptrEEE.isra.0
                0x0800c7a0     0x1164 bn_sprite_text_generator.o
 .text._ZNK2bn21sprite_text_generator8generateENS_7fixed_tILi12EEES2_RKNS_11string_viewERNS_7ivectorINS_10sprite_ptrEEE
                0x0800d904       0x40 bn_sprite_text_generator.o
                0x0800d904                _ZNK2bn21sprite_text_generator8generateENS_7fixed_tILi12EEES2_RKNS_11string_viewERNS_7ivectorINS_10sprite_ptrEEE
 .text._ZNK2bn16sprite_tiles_ptr2idEv
                0x0800d944       0x18 bn_sprite_tiles_manager.o
                0x0800d944                _ZNK2bn16sprite_tiles_ptr2idEv
 .text._ZNK2bn16sprite_tiles_ptr11tiles_countEv
                0x0800d95c       0x18 bn_sprite_tiles_manager.o
                0x0800d95c                _ZNK2bn16sprite_tiles_ptr11tiles_countEv
 .text._ZN2bn20sprite_tiles_manager10log_statusEv
                0x0800d974      0x1ec bn_sprite_tiles_manager.o
                0x0800d974                _ZN2bn20sprite_tiles_manager10log_statusEv
 .text._ZN2bn20sprite_tiles_manager19commit_uncompressedEb
                0x0800db60       0xc4 bn_sprite_tiles_manager.o
                0x0800db60                _ZN2bn20sprite_tiles_manager19commit_uncompressedEb
 .text._ZN3_bn6assert9show_argsIA27_chEEvPKcS4_S4_iRKT_RKT0_
                0x0800dc24       0x54 bn_sprite_tiles_manager.o
                0x0800dc24                _ZN3_bn6assert9show_argsIA27_chEEvPKcS4_S4_iRKT_RKT0_
 .text._ZN3_bn6assert9show_argsIJA44_cPKN2bn4tileEA4_cS6_EEEvPKcS9_S9_iDpRKT_
                0x0800dc78       0x64 bn_sprite_tiles_manager.o
                0x0800dc78                _ZN3_bn6assert9show_argsIJA44_cPKN2bn4tileEA4_cS6_EEEvPKcS9_S9_iDpRKT_
 .text._ZN3_bn6assert9show_argsIJA46_ciA4_cjEEEvPKcS5_S5_iDpRKT_
                0x0800dcdc       0x64 bn_sprite_tiles_manager.o
                0x0800dcdc                _ZN3_bn6assert9show_argsIJA46_ciA4_cjEEEvPKcS5_S5_iDpRKT_
 .text._ZN2bn20sprite_tiles_manager12_GLOBAL__N_1L10_hw_commitEPKNS_4tileENS_16compression_typeEii
                0x0800dd40       0x8c bn_sprite_tiles_manager.o
 .text._ZN2bn20sprite_tiles_manager17commit_compressedEv
                0x0800ddcc       0x5c bn_sprite_tiles_manager.o
                0x0800ddcc                _ZN2bn20sprite_tiles_manager17commit_compressedEv
 .text._ZN3_bn6assert9show_argsIJA28_cA15_cPKN2bn4tileEA16_ciA34_cNS4_11string_viewEEEEvPKcSC_SC_iDpRKT_
                0x0800de28       0x7c bn_sprite_tiles_manager.o
                0x0800de28                _ZN3_bn6assert9show_argsIJA28_cA15_cPKN2bn4tileEA16_ciA34_cNS4_11string_viewEEEEvPKcSC_SC_iDpRKT_
 .text._ZN3_bn6assert9show_argsIJA44_ciA34_cN2bn11string_viewEEEEvPKcS7_S7_iDpRKT_
                0x0800dea4       0x64 bn_sprite_tiles_manager.o
                0x0800dea4                _ZN3_bn6assert9show_argsIJA44_ciA34_cN2bn11string_viewEEEEvPKcS7_S7_iDpRKT_
 .text._ZN2bn20sprite_tiles_manager4initEv
                0x0800df08      0x188 bn_sprite_tiles_manager.o
                0x0800df08                _ZN2bn20sprite_tiles_manager4initEv
 .text._ZN2bn20sprite_tiles_manager12_GLOBAL__N_1L22_insert_to_commit_itemEiRNS1_9item_typeE.part.0
                0x0800e090       0x64 bn_sprite_tiles_manager.o
 .text._ZN2bn20sprite_tiles_manager12_GLOBAL__N_1L17_insert_free_itemEi
                0x0800e0f4       0xe0 bn_sprite_tiles_manager.o
 .text._ZN2bn20sprite_tiles_manager12_GLOBAL__N_1L16_erase_free_itemEi
                0x0800e1d4       0xe8 bn_sprite_tiles_manager.o
 .text._ZN2bn20sprite_tiles_manager12_GLOBAL__N_1L21_erase_to_commit_itemEiRNS1_9item_typeE.part.0
                0x0800e2bc       0xac bn_sprite_tiles_manager.o
 .text._ZN2bn20sprite_tiles_manager15decrease_usagesEi
                0x0800e368      0x138 bn_sprite_tiles_manager.o
                0x0800e368                _ZN2bn20sprite_tiles_manager15decrease_usagesEi
 .text._ZN2bn16sprite_tiles_ptrD2Ev
                0x0800e4a0       0x18 bn_sprite_tiles_manager.o
                0x0800e4a0                _ZN2bn16sprite_tiles_ptrD2Ev
                0x0800e4a0                _ZN2bn16sprite_tiles_ptrD1Ev
 .text._ZN2bn20sprite_tiles_manager12_GLOBAL__N_1L10_find_implEPKNS_4tileENS_16compression_typeEi
                0x0800e4b8      0x288 bn_sprite_tiles_manager.o
 .text._ZN2bn20sprite_tiles_manager4vramEi
                0x0800e740       0x3c bn_sprite_tiles_manager.o
                0x0800e740                _ZN2bn20sprite_tiles_manager4vramEi
 .text._ZN2bn16sprite_tiles_ptr4vramEv
                0x0800e77c       0x14 bn_sprite_tiles_manager.o
                0x0800e77c                _ZN2bn16sprite_tiles_ptr4vramEv
 .text._ZN2bn20sprite_tiles_manager12_GLOBAL__N_1L21_erase_items_map_itemEPKNS_4tileE
                0x0800e790      0x1fc bn_sprite_tiles_manager.o
 .text._ZN2bn20sprite_tiles_manager12_GLOBAL__N_1L12_create_itemEiPKNS_4tileENS_16compression_typeEib
                0x0800e98c      0x1e0 bn_sprite_tiles_manager.o
 .text._ZN2bn20sprite_tiles_manager12_GLOBAL__N_1L14_allocate_implEi
                0x0800eb6c      0x10c bn_sprite_tiles_manager.o
 .text._ZN2bn20sprite_tiles_manager8allocateEiNS_8bpp_modeE
                0x0800ec78       0xc0 bn_sprite_tiles_manager.o
                0x0800ec78                _ZN2bn20sprite_tiles_manager8allocateEiNS_8bpp_modeE
 .text._ZN2bn16sprite_tiles_ptr8allocateEiNS_8bpp_modeE
                0x0800ed38       0x18 bn_sprite_tiles_manager.o
                0x0800ed38                _ZN2bn16sprite_tiles_ptr8allocateEiNS_8bpp_modeE
 .text._ZN2bn20sprite_tiles_manager6updateEv
                0x0800ed50      0x1a0 bn_sprite_tiles_manager.o
                0x0800ed50                _ZN2bn20sprite_tiles_manager6updateEv
 .text._ZN2bn20sprite_tiles_manager12_GLOBAL__N_1L12_create_implEPKNS_4tileENS_16compression_typeEi
                0x0800eef0      0x1fc bn_sprite_tiles_manager.o
 .text._ZN2bn20sprite_tiles_manager12_GLOBAL__N_1L22_insert_items_map_itemEPKNS_4tileEi
                0x0800f0ec       0xc0 bn_sprite_tiles_manager.o
 .text._ZN2bn20sprite_tiles_manager6createERKNS_4spanIKNS_4tileEEENS_16compression_typeE
                0x0800f1ac       0x90 bn_sprite_tiles_manager.o
                0x0800f1ac                _ZN2bn20sprite_tiles_manager6createERKNS_4spanIKNS_4tileEEENS_16compression_typeE
 .text._ZN2bn16sprite_tiles_ptr6createERKNS_17sprite_tiles_itemE
                0x0800f23c       0x84 bn_sprite_tiles_manager.o
                0x0800f23c                _ZN2bn16sprite_tiles_ptr6createERKNS_17sprite_tiles_itemE
 .text._ZN2bn16sprite_tiles_ptr6createERKNS_17sprite_tiles_itemEi
                0x0800f2c0       0xc0 bn_sprite_tiles_manager.o
                0x0800f2c0                _ZN2bn16sprite_tiles_ptr6createERKNS_17sprite_tiles_itemEi
 .text._ZN2bn15sprites_manager12_GLOBAL__N_1L32_always_update_indexes_to_commitERKNS_20sprites_manager_itemE
                0x0800f380       0x4c bn_sprites_manager.o
 .text._ZN2bn13ostringstream11append_argsIiJA4_ciEEEvRKT_DpRKT0_.isra.0
                0x0800f3cc       0x24 bn_sprites_manager.o
 .text._ZN2bn15sprites_manager12_GLOBAL__N_1L23_update_item_dimensionsERNS_20sprites_manager_itemE
                0x0800f3f0       0xc0 bn_sprites_manager.o
 .text._ZNK2bn10sprite_ptr1xEv
                0x0800f4b0        0x8 bn_sprites_manager.o
                0x0800f4b0                _ZNK2bn10sprite_ptr1xEv
 .text._ZNK2bn10sprite_ptr1yEv
                0x0800f4b8        0x8 bn_sprites_manager.o
                0x0800f4b8                _ZNK2bn10sprite_ptr1yEv
 .text._ZN2bn10sprite_ptr12set_positionENS_7fixed_tILi12EEES2_
                0x0800f4c0       0x70 bn_sprites_manager.o
                0x0800f4c0                _ZN2bn10sprite_ptr12set_positionENS_7fixed_tILi12EEES2_
 .text._ZN2bn15sprites_manager4initEv
                0x0800f530       0xd4 bn_sprites_manager.o
                0x0800f530                _ZN2bn15sprites_manager4initEv
 .text._ZN2bn15sprites_manager5hw_idEPv
                0x0800f604        0x8 bn_sprites_manager.o
                0x0800f604                _ZN2bn15sprites_manager5hw_idEPv
 .text._ZN2bn15sprites_manager5shapeEPv
                0x0800f60c        0x8 bn_sprites_manager.o
                0x0800f60c                _ZN2bn15sprites_manager5shapeEPv
 .text._ZN2bn15sprites_manager4sizeEPv
                0x0800f614        0x8 bn_sprites_manager.o
                0x0800f614                _ZN2bn15sprites_manager4sizeEPv
 .text._ZN2bn15sprites_manager10shape_sizeEPv
                0x0800f61c       0x14 bn_sprites_manager.o
                0x0800f61c                _ZN2bn15sprites_manager10shape_sizeEPv
 .text._ZN2bn15sprites_manager11hw_positionEPv
                0x0800f630        0x4 bn_sprites_manager.o
                0x0800f630                _ZN2bn15sprites_manager11hw_positionEPv
 .text._ZN2bn15sprites_manager9view_modeEPv
                0x0800f634        0xc bn_sprites_manager.o
                0x0800f634                _ZN2bn15sprites_manager9view_modeEPv
 .text._ZN2bn15sprites_manager10affine_matEPv
                0x0800f640        0x4 bn_sprites_manager.o
                0x0800f640                _ZN2bn15sprites_manager10affine_matEPv
 .text._ZN2bn15sprites_manager39fill_hblank_effect_horizontal_positionsEPviPKNS_7fixed_tILi12EEEPt
                0x0800f644       0x4c bn_sprites_manager.o
                0x0800f644                _ZN2bn15sprites_manager39fill_hblank_effect_horizontal_positionsEPviPKNS_7fixed_tILi12EEEPt
 .text._ZN2bn15sprites_manager37fill_hblank_effect_vertical_positionsEPviPKNS_7fixed_tILi12EEEPt
                0x0800f690       0x4c bn_sprites_manager.o
                0x0800f690                _ZN2bn15sprites_manager37fill_hblank_effect_vertical_positionsEPviPKNS_7fixed_tILi12EEEPt
 .text._ZN2bn15sprites_manager35fill_hblank_effect_first_attributesEiNS_12sprite_shapeENS_8bpp_modeEiPKNS_23sprite_first_attributesEPt
                0x0800f6dc       0xd4 bn_sprites_manager.o
                0x0800f6dc                _ZN2bn15sprites_manager35fill_hblank_effect_first_attributesEiNS_12sprite_shapeENS_8bpp_modeEiPKNS_23sprite_first_attributesEPt
 .text._ZN2bn15sprites_manager44fill_hblank_effect_regular_second_attributesEPviNS_11sprite_sizeEPKNS_32sprite_regular_second_attributesEPt
                0x0800f7b0       0x60 bn_sprites_manager.o
                0x0800f7b0                _ZN2bn15sprites_manager44fill_hblank_effect_regular_second_attributesEPviNS_11sprite_sizeEPKNS_32sprite_regular_second_attributesEPt
 .text._ZN2bn15sprites_manager43fill_hblank_effect_affine_second_attributesEPviNS_11sprite_sizeEPKNS_31sprite_affine_second_attributesEPt
                0x0800f810       0x58 bn_sprites_manager.o
                0x0800f810                _ZN2bn15sprites_manager43fill_hblank_effect_affine_second_attributesEPviNS_11sprite_sizeEPKNS_31sprite_affine_second_attributesEPt
 .text._ZN2bn15sprites_manager14update_camerasEv
                0x0800f868       0x20 bn_sprites_manager.o
                0x0800f868                _ZN2bn15sprites_manager14update_camerasEv
 .text._ZN2bn15sprites_manager23update_auto_double_sizeEPv
                0x0800f888       0x2c bn_sprites_manager.o
                0x0800f888                _ZN2bn15sprites_manager23update_auto_double_sizeEPv
 .text._ZN2bn15sprites_manager6commitEb
                0x0800f8b4       0xa4 bn_sprites_manager.o
                0x0800f8b4                _ZN2bn15sprites_manager6commitEb
 .text._ZN2bn14sprite_builder20set_blending_enabledEb
                0x0800f958       0x3c bn_sprites_manager.o
                0x0800f958                _ZN2bn14sprite_builder20set_blending_enabledEb
 .text._ZNK2bn17sprite_shape_size6heightEv.isra.0
                0x0800f994       0xd0 bn_sprites_manager.o
 .text._ZNK2bn17sprite_shape_size5widthEv.isra.0
                0x0800fa64       0xcc bn_sprites_manager.o
 .text._ZN2bn15sprites_manager12_GLOBAL__N_1L18_remove_affine_matERNS_20sprites_manager_itemE
                0x0800fb30       0xe4 bn_sprites_manager.o
 .text._ZN2bn15sprites_manager42remove_identity_affine_mat_when_not_neededEPv
                0x0800fc14        0xc bn_sprites_manager.o
                0x0800fc14                _ZN2bn15sprites_manager42remove_identity_affine_mat_when_not_neededEPv
 .text._ZN2bn14sprite_builder15release_paletteEv
                0x0800fc20       0x6c bn_sprites_manager.o
                0x0800fc20                _ZN2bn14sprite_builder15release_paletteEv
 .text._ZN2bn14sprite_builder13release_tilesEv
                0x0800fc8c       0x6c bn_sprites_manager.o
                0x0800fc8c                _ZN2bn14sprite_builder13release_tilesEv
 .text._ZN2bn15sprites_manager7paletteEPv
                0x0800fcf8       0x34 bn_sprites_manager.o
                0x0800fcf8                _ZN2bn15sprites_manager7paletteEPv
 .text._ZN2bn20sprites_manager_item13_builder_initERKNS_14sprite_builderE
                0x0800fd2c      0x34c bn_sprites_manager.o
                0x0800fd2c                _ZN2bn20sprites_manager_item13_builder_initERKNS_14sprite_builderE
 .text._ZN2bn14sprite_builder11set_z_orderEi
                0x08010078       0x48 bn_sprites_manager.o
                0x08010078                _ZN2bn14sprite_builder11set_z_orderEi
 .text._ZN2bn14sprite_builderC2ERKNS_17sprite_shape_sizeENS_16sprite_tiles_ptrENS_18sprite_palette_ptrE
                0x080100c0      0x288 bn_sprites_manager.o
                0x080100c0                _ZN2bn14sprite_builderC2ERKNS_17sprite_shape_sizeENS_16sprite_tiles_ptrENS_18sprite_palette_ptrE
                0x080100c0                _ZN2bn14sprite_builderC1ERKNS_17sprite_shape_sizeENS_16sprite_tiles_ptrENS_18sprite_palette_ptrE
 .text._ZN2bn14sprite_builder15set_bg_priorityEi
                0x08010348       0x38 bn_sprites_manager.o
                0x08010348                _ZN2bn14sprite_builder15set_bg_priorityEi
 .text._ZN2bn15sprites_manager6updateEv
                0x08010380      0x13c bn_sprites_manager.o
                0x08010380                _ZN2bn15sprites_manager6updateEv
 .text._ZN3_bn6assert9show_argsIJA27_ciA4_ciEEEvPKcS5_S5_iDpRKT_
                0x080104bc       0x58 bn_sprites_manager.o
                0x080104bc                _ZN3_bn6assert9show_argsIJA27_ciA4_ciEEEvPKcS5_S5_iDpRKT_
 .text._ZN2bn15sprites_manager35fill_hblank_effect_third_attributesENS_17sprite_shape_sizeEPKNS_23sprite_third_attributesEPt
                0x08010514      0x2f0 bn_sprites_manager.o
                0x08010514                _ZN2bn15sprites_manager35fill_hblank_effect_third_attributesENS_17sprite_shape_sizeEPKNS_23sprite_third_attributesEPt
 .text._ZN2bn14sorted_sprites6sorter6insertERNS_20sprites_manager_itemE
                0x08010804      0x184 bn_sprites_manager.o
                0x08010804                _ZN2bn14sorted_sprites6sorter6insertERNS_20sprites_manager_itemE
 .text._ZN2bn15sprites_manager6createERKNS_13fixed_point_tILi12EEERKNS_17sprite_shape_sizeEONS_16sprite_tiles_ptrEONS_18sprite_palette_ptrE
                0x08010988      0x1d0 bn_sprites_manager.o
                0x08010988                _ZN2bn15sprites_manager6createERKNS_13fixed_point_tILi12EEERKNS_17sprite_shape_sizeEONS_16sprite_tiles_ptrEONS_18sprite_palette_ptrE
 .text._ZNK2bn11sprite_item13create_spriteENS_7fixed_tILi12EEES2_
                0x08010b58       0x44 bn_sprites_manager.o
                0x08010b58                _ZNK2bn11sprite_item13create_spriteENS_7fixed_tILi12EEES2_
 .text._ZN2bn15sprites_manager6createEONS_14sprite_builderE
                0x08010b9c      0x17c bn_sprites_manager.o
                0x08010b9c                _ZN2bn15sprites_manager6createEONS_14sprite_builderE
 .text._ZN2bn10sprite_ptr6createEONS_14sprite_builderE
                0x08010d18       0x14 bn_sprites_manager.o
                0x08010d18                _ZN2bn10sprite_ptr6createEONS_14sprite_builderE
 .text._ZN2bn15sprites_manager15decrease_usagesEPv
                0x08010d2c      0x17c bn_sprites_manager.o
                0x08010d2c                _ZN2bn15sprites_manager15decrease_usagesEPv
 .text._ZN2bn10sprite_ptrD2Ev
                0x08010ea8       0x18 bn_sprites_manager.o
                0x08010ea8                _ZN2bn10sprite_ptrD2Ev
                0x08010ea8                _ZN2bn10sprite_ptrD1Ev
 .text._ZN2bn13ostringstreamC2ERNS_12istring_baseE
                0x08010ec0        0x8 bn_sstream.o
                0x08010ec0                _ZN2bn13ostringstreamC2ERNS_12istring_baseE
                0x08010ec0                _ZN2bn13ostringstreamC1ERNS_12istring_baseE
 .text._ZN2bn13ostringstream6appendEPKc
                0x08010ec8       0xac bn_sstream.o
                0x08010ec8                _ZN2bn13ostringstream6appendEPKc
 .text._ZN2bn13ostringstream6appendEi
                0x08010f74       0xb0 bn_sstream.o
                0x08010f74                _ZN2bn13ostringstream6appendEi
 .text._ZN2bn13ostringstream6appendERKNS_11string_viewE
                0x08011024       0xbc bn_sstream.o
                0x08011024                _ZN2bn13ostringstream6appendERKNS_11string_viewE
 .text._ZN2bn13ostringstream6appendEj
                0x080110e0       0xb0 bn_sstream.o
                0x080110e0                _ZN2bn13ostringstream6appendEj
 .text._ZN2bn13ostringstream6appendEPKv
                0x08011190       0xec bn_sstream.o
                0x08011190                _ZN2bn13ostringstream6appendEPKv
 .text._ZN2bn13ostringstream6appendEc
                0x0801127c       0x48 bn_sstream.o
                0x0801127c                _ZN2bn13ostringstream6appendEc
 .text._ZN2bn18igeneric_pool_baseC2EPci
                0x080112c4       0x10 bn_translation_unit.o
                0x080112c4                _ZN2bn18igeneric_pool_baseC2EPci
                0x080112c4                _ZN2bn18igeneric_pool_baseC1EPci
 .text._ZN2bn18igeneric_pool_base5_freeEPc
                0x080112d4       0x10 bn_translation_unit.o
                0x080112d4                _ZN2bn18igeneric_pool_base5_freeEPc
 .text._ZN2bn5timerC2Ev
                0x080112e4       0x24 bn_translation_unit.o
                0x080112e4                _ZN2bn5timerC2Ev
                0x080112e4                _ZN2bn5timerC1Ev
 .text._ZNK2bn5timer13elapsed_ticksEv
                0x08011308       0x2c bn_translation_unit.o
                0x08011308                _ZNK2bn5timer13elapsed_ticksEv
 .text._ZN2bn5timer7restartEv
                0x08011334       0x28 bn_translation_unit.o
                0x08011334                _ZN2bn5timer7restartEv
 .text._ZN2bn3logERKNS_12istring_baseE
                0x0801135c       0x58 bn_translation_unit.o
                0x0801135c                _ZN2bn3logERKNS_12istring_baseE
 .text._ZN2bn18igeneric_pool_base9_allocateEv
                0x080113b4       0x48 bn_translation_unit.o
                0x080113b4                _ZN2bn18igeneric_pool_base9_allocateEv
 .text._ZN2bn2hw5audio12_GLOBAL__N_1L21_maxmod_event_handlerEjj
                0x080113fc       0x38 bn_hw_audio.o
 .text._ZN2bn2hw5audio4initEv
                0x08011434       0x7c bn_hw_audio.o
                0x08011434                _ZN2bn2hw5audio4initEv
 .text._ZN2bn2hw5audio7disableEv
                0x080114b0       0x18 bn_hw_audio.o
                0x080114b0                _ZN2bn2hw5audio7disableEv
 .text._ZN2bn2hw5audio13update_eventsEb
                0x080114c8       0x6c bn_hw_audio.o
                0x080114c8                _ZN2bn2hw5audio13update_eventsEb
 .text._ZN2bn2hw5audio13music_playingEv
                0x08011534       0x20 bn_hw_audio.o
                0x08011534                _ZN2bn2hw5audio13music_playingEv
 .text._ZN2bn2hw5audio10play_musicEib
                0x08011554       0x1c bn_hw_audio.o
                0x08011554                _ZN2bn2hw5audio10play_musicEib
 .text._ZN2bn2hw5audio10stop_musicEv
                0x08011570       0x18 bn_hw_audio.o
                0x08011570                _ZN2bn2hw5audio10stop_musicEv
 .text._ZN2bn2hw5audio11pause_musicEv
                0x08011588       0x18 bn_hw_audio.o
                0x08011588                _ZN2bn2hw5audio11pause_musicEv
 .text._ZN2bn2hw5audio12resume_musicEv
                0x080115a0       0x18 bn_hw_audio.o
                0x080115a0                _ZN2bn2hw5audio12resume_musicEv
 .text._ZN2bn2hw5audio14jingle_playingEv
                0x080115b8       0x20 bn_hw_audio.o
                0x080115b8                _ZN2bn2hw5audio14jingle_playingEv
 .text._ZN2bn2hw5audio11play_jingleEi
                0x080115d8       0x1c bn_hw_audio.o
                0x080115d8                _ZN2bn2hw5audio11play_jingleEi
 .text._ZN2bn2hw5audio11stop_jingleEv
                0x080115f4       0x18 bn_hw_audio.o
                0x080115f4                _ZN2bn2hw5audio11stop_jingleEv
 .text._ZN2bn2hw5audio12pause_jingleEv
                0x0801160c       0x18 bn_hw_audio.o
                0x0801160c                _ZN2bn2hw5audio12pause_jingleEv
 .text._ZN2bn2hw5audio13resume_jingleEv
                0x08011624       0x18 bn_hw_audio.o
                0x08011624                _ZN2bn2hw5audio13resume_jingleEv
 .text._ZN3_bn6assert9show_argsIA43_cEEvPKcS4_S4_iRKT_
                0x0801163c       0x48 bn_hw_audio.o
                0x0801163c                _ZN3_bn6assert9show_argsIA43_cEEvPKcS4_S4_iRKT_
 .text._ZN2bn2hw5audio15set_mixing_rateENS_17audio_mixing_rateE
                0x08011684       0xc0 bn_hw_audio.o
                0x08011684                _ZN2bn2hw5audio15set_mixing_rateENS_17audio_mixing_rateE
 .text._ZN2bn2hw5audio15set_sound_speedEtNS_7fixed_tILi12EEES3_
                0x08011744       0x74 bn_hw_audio.o
                0x08011744                _ZN2bn2hw5audio15set_sound_speedEtNS_7fixed_tILi12EEES3_
 .text._ZN2bn2hw5audio12_GLOBAL__N_1L19_add_sound_to_queueEit
                0x080117b8       0x98 bn_hw_audio.o
 .text._ZN2bn2hw5audio12_GLOBAL__N_1L19_check_sounds_queueEi
                0x08011850       0xb0 bn_hw_audio.o
 .text._ZN2bn2hw5audio10play_soundEii
                0x08011900       0x44 bn_hw_audio.o
                0x08011900                _ZN2bn2hw5audio10play_soundEii
 .text._ZN2bn2hw5audio10play_soundEiiNS_7fixed_tILi12EEES3_S3_
                0x08011944       0xb8 bn_hw_audio.o
                0x08011944                _ZN2bn2hw5audio10play_soundEiiNS_7fixed_tILi12EEES3_S3_
 .text._ZN2bn2hw5audio15stop_all_soundsEv
                0x080119fc       0x60 bn_hw_audio.o
                0x080119fc                _ZN2bn2hw5audio15stop_all_soundsEv
 .text._ZN2bn2hw5audio19update_sounds_queueEv
                0x08011a5c       0x94 bn_hw_audio.o
                0x08011a5c                _ZN2bn2hw5audio19update_sounds_queueEv
 .text._ZN2bn2hw5audio12_GLOBAL__N_1L23_erase_sound_from_queueEt
                0x08011af0       0x98 bn_hw_audio.o
 .text._ZN2bn2hw5audio10stop_soundEt
                0x08011b88       0x20 bn_hw_audio.o
                0x08011b88                _ZN2bn2hw5audio10stop_soundEt
 .text._ZN2bn2hw5audio13release_soundEt
                0x08011ba8       0x20 bn_hw_audio.o
                0x08011ba8                _ZN2bn2hw5audio13release_soundEt
 .text.__libc_init_array
                0x08011bc8       0x50 bn_hw_common.bn_noflto.o
                0x08011bc8                __libc_init_array
 .text._ZN3_bn6assert9show_argsIA40_cEEvPKcS4_S4_iRKT_
                0x08011c18       0x48 bn_hw_common.bn_noflto.o
                0x08011c18                _ZN3_bn6assert9show_argsIA40_cEEvPKcS4_S4_iRKT_
 .text.__aeabi_idiv0
                0x08011c60       0x24 bn_hw_common.bn_noflto.o
                0x08011c60                __aeabi_idiv0
 .text.free     0x08011c84        0xc bn_hw_cstdlib.o
                0x08011c84                free
 .text._ZN2bn2hw9dmg_audio4initEv
                0x08011c90       0x18 bn_hw_dmg_audio.o
                0x08011c90                _ZN2bn2hw9dmg_audio4initEv
 .text._ZN2bn2hw9dmg_audio7disableEv
                0x08011ca8       0x18 bn_hw_dmg_audio.o
                0x08011ca8                _ZN2bn2hw9dmg_audio7disableEv
 .text._ZN2bn2hw9dmg_audio13music_playingEv
                0x08011cc0       0x28 bn_hw_dmg_audio.o
                0x08011cc0                _ZN2bn2hw9dmg_audio13music_playingEv
 .text._ZN2bn2hw9dmg_audio10stop_musicEv
                0x08011ce8       0x24 bn_hw_dmg_audio.o
                0x08011ce8                _ZN2bn2hw9dmg_audio10stop_musicEv
 .text._ZN2bn2hw9dmg_audio11pause_musicEv
                0x08011d0c       0x24 bn_hw_dmg_audio.o
                0x08011d0c                _ZN2bn2hw9dmg_audio11pause_musicEv
 .text._ZN2bn2hw9dmg_audio12resume_musicEv
                0x08011d30       0x24 bn_hw_dmg_audio.o
                0x08011d30                _ZN2bn2hw9dmg_audio12resume_musicEv
 .text._ZN2bn2hw9dmg_audio14music_positionERiS2_
                0x08011d54       0x2c bn_hw_dmg_audio.o
                0x08011d54                _ZN2bn2hw9dmg_audio14music_positionERiS2_
 .text._ZN2bn2hw9dmg_audio6commitEv
                0x08011d80       0x34 bn_hw_dmg_audio.o
                0x08011d80                _ZN2bn2hw9dmg_audio6commitEv
 .text._ZN3_bn6assert9show_argsIA47_ciEEvPKcS4_S4_iRKT_RKT0_
                0x08011db4       0x54 bn_hw_dmg_audio.o
                0x08011db4                _ZN3_bn6assert9show_argsIA47_ciEEvPKcS4_S4_iRKT_RKT0_
 .text._ZN2bn2hw9dmg_audio10play_musicEPKvNS_14dmg_music_typeEib
                0x08011e08       0x84 bn_hw_dmg_audio.o
                0x08011e08                _ZN2bn2hw9dmg_audio10play_musicEPKvNS_14dmg_music_typeEib
 .text._ZN2bn2hw9dmg_audio18set_music_positionEii
                0x08011e8c       0x4c bn_hw_dmg_audio.o
                0x08011e8c                _ZN2bn2hw9dmg_audio18set_music_positionEii
 .text._ZN2bn2hw9dmg_audio16set_music_volumeENS_7fixed_tILi12EEES3_
                0x08011ed8       0x50 bn_hw_dmg_audio.o
                0x08011ed8                _ZN2bn2hw9dmg_audio16set_music_volumeENS_7fixed_tILi12EEES3_
 .text._ZN3_bn6assert9show_argsIA20_cjEEvPKcS4_S4_iRKT_RKT0_
                0x08011f28       0x54 bn_hw_dmg_audio.o
                0x08011f28                _ZN3_bn6assert9show_argsIA20_cjEEvPKcS4_S4_iRKT_RKT0_
 .text._ZN2bn2hw9dmg_audio19check_commit_resultEv
                0x08011f7c       0x38 bn_hw_dmg_audio.o
                0x08011f7c                _ZN2bn2hw9dmg_audio19check_commit_resultEv
 .text._ZN2bn2hw4gpio4initEv
                0x08011fb4        0x8 bn_hw_gpio.bn_noflto.o
                0x08011fb4                _ZN2bn2hw4gpio4initEv
 .text._ZN2bn2hw4link12_GLOBAL__N_1L19_resetStateCallbackEv
                0x08011fbc       0x4c bn_hw_link.o
 .text._ZN2bn2hw4link4initEv
                0x08012008      0x100 bn_hw_link.o
                0x08012008                _ZN2bn2hw4link4initEv
 .text._ZN2bn2hw4link6activeEv
                0x08012108       0x10 bn_hw_link.o
                0x08012108                _ZN2bn2hw4link6activeEv
 .text._ZN2bn2hw4link7disableEv
                0x08012118       0x6c bn_hw_link.o
                0x08012118                _ZN2bn2hw4link7disableEv
 .text._ZN2bn2hw4link6commitEv
                0x08012184       0x28 bn_hw_link.o
                0x08012184                _ZN2bn2hw4link6commitEv
 .text._ZN2bn2hw4link11_timer_intrEv
                0x080121ac       0xf8 bn_hw_link.o
                0x080121ac                _ZN2bn2hw4link11_timer_intrEv
 .text._ZN2bn2hw4link12_serial_intrEv
                0x080122a4      0x1d4 bn_hw_link.o
                0x080122a4                _ZN2bn2hw4link12_serial_intrEv
 .text._ZN2bn2hw4link12_GLOBAL__N_1L17_sendDataCallbackEv
                0x08012478       0xd8 bn_hw_link.o
 .text._ZN2bn2hw4link12_GLOBAL__N_1L24_receiveResponseCallbackERKNS_2lc12LinkResponseE
                0x08012550      0x148 bn_hw_link.o
 .text._ZN2bn2hw8palettes8contrastEPKNS_5colorEiiPS2_
                0x08012698       0x18 bn_hw_palettes.o
                0x08012698                _ZN2bn2hw8palettes8contrastEPKNS_5colorEiiPS2_
 .text._ZN2bn2hw8palettes9intensityEPKNS_5colorEiiPS2_
                0x080126b0       0x18 bn_hw_palettes.o
                0x080126b0                _ZN2bn2hw8palettes9intensityEPKNS_5colorEiiPS2_
 .text._ZN2bn2hw8palettes9hue_shiftEPKNS_5colorEiiPS2_
                0x080126c8      0x14c bn_hw_palettes.o
                0x080126c8                _ZN2bn2hw8palettes9hue_shiftEPKNS_5colorEiiPS2_
 .text._ZN2bn2hw8palettes6rotateEPKNS_5colorEiiPS2_
                0x08012814       0x30 bn_hw_palettes.o
                0x08012814                _ZN2bn2hw8palettes6rotateEPKNS_5colorEiiPS2_
 .text._ZN2bn7istring6appendEPKci.isra.0
                0x08012844       0xb4 bn_hw_show.o
 .text._ZN2bn2hw4show5errorERKNS_11system_fontERKNS_11string_viewES7_S7_iS7_S7_
                0x080128f8      0x284 bn_hw_show.o
                0x080128f8                _ZN2bn2hw4show5errorERKNS_11system_fontERKNS_11string_viewES7_S7_iS7_S7_
 .text._ZN2bn2hw4sram4initEv
                0x08012b7c       0x18 bn_hw_sram.bn_noflto.o
                0x08012b7c                _ZN2bn2hw4sram4initEv
 .text._ZN2bn11system_fontC2Ev
                0x08012b94       0x18 bn_hw_system_font.o
                0x08012b94                _ZN2bn11system_fontC2Ev
                0x08012b94                _ZN2bn11system_fontC1Ev
 .text._ZNK2bn11system_font8tte_fontEv
                0x08012bac        0x4 bn_hw_system_font.o
                0x08012bac                _ZNK2bn11system_font8tte_fontEv
 .text._ZN2bn2hw4text5parseEjRNS_5arrayIcLi32EEE
                0x08012bb0       0xa0 bn_hw_text.o
                0x08012bb0                _ZN2bn2hw4text5parseEjRNS_5arrayIcLi32EEE
 .text._ZN2bn2hw4text5parseEPKvRNS_5arrayIcLi32EEE
                0x08012c50       0x30 bn_hw_text.o
                0x08012c50                _ZN2bn2hw4text5parseEPKvRNS_5arrayIcLi32EEE
 .text._ZN2bn2hw4text5parseEiRNS_5arrayIcLi32EEE
                0x08012c80       0xbc bn_hw_text.o
                0x08012c80                _ZN2bn2hw4text5parseEiRNS_5arrayIcLi32EEE
 .text._Z7VgmStopv
                0x08012d3c       0xc0 vgm.o
                0x08012d3c                _Z7VgmStopv
 .text._Z7VgmPlayPKhb
                0x08012dfc       0x28 vgm.o
                0x08012dfc                _Z7VgmPlayPKhb
 .text._Z13VgmIntrVblankv
                0x08012e24       0x84 vgm.o
                0x08012e24                _Z13VgmIntrVblankv
 .text._Z9VgmActivev
                0x08012ea8       0x10 vgm.o
                0x08012ea8                _Z9VgmActivev
 .text._Z16VgmGetOffsetPlayv
                0x08012eb8        0xc vgm.o
                0x08012eb8                _Z16VgmGetOffsetPlayv
 .text._Z16VgmSetOffsetPlayj
                0x08012ec4       0x10 vgm.o
                0x08012ec4                _Z16VgmSetOffsetPlayj
 .text._Z8VgmPausev
                0x08012ed4       0x20 vgm.o
                0x08012ed4                _Z8VgmPausev
 .text._Z9VgmResumev
                0x08012ef4       0x18 vgm.o
                0x08012ef4                _Z9VgmResumev
 .text.clr_grayscale
                0x08012f0c       0x7c tonc_color.o
                0x08012f0c                clr_grayscale
 .text.sbmp16_rect
                0x08012f88       0x6c tonc_sbmp16.o
                0x08012f88                sbmp16_rect
 .text.bmp16_drawg_b1cts
                0x08012ff4       0xb4 bmp16_drawg_b1cs.o
                0x08012ff4                bmp16_drawg_b1cts
 .text.bmp16_erase
                0x080130a8       0x24 tte_init_bmp.o
                0x080130a8                bmp16_erase
 .text.tte_init_bmp
                0x080130cc       0x60 tte_init_bmp.o
                0x080130cc                tte_init_bmp
 .text.dummy_drawg
                0x0801312c        0x4 tte_main.o
                0x0801312c                dummy_drawg
 .text.dummy_erase
                0x08013130        0x4 tte_main.o
                0x08013130                dummy_erase
 .text.tte_init_base
                0x08013134       0x68 tte_main.o
                0x08013134                tte_init_base
 .text.utf8_decode_char
                0x0801319c       0xb8 tte_main.o
                0x0801319c                utf8_decode_char
 .text.tte_write
                0x08013254       0xd4 tte_main.o
                0x08013254                tte_write
 .text.tte_get_text_size
                0x08013328       0xa0 tte_main.o
                0x08013328                tte_get_text_size
 .text.tte_set_margins
                0x080133c8       0x14 tte_main.o
                0x080133c8                tte_set_margins
 .text.IRQ_Init
                0x080133dc       0x48 interrupts_gba.o
                0x080133dc                IRQ_Init
 .text.IRQ_SetHandler
                0x08013424        0xc interrupts_gba.o
                0x08013424                IRQ_SetHandler
 .text.IRQ_Enable
                0x08013430       0x64 interrupts_gba.o
                0x08013430                IRQ_Enable
 .text.IRQ_Disable
                0x08013494       0x60 interrupts_gba.o
                0x08013494                IRQ_Disable
 .text.mmResetEffects
                0x080134f4       0x1c effect.o
                0x080134f4                mmResetEffects
 .text.mmEffectEx
                0x08013510      0x118 effect.o
                0x08013510                mmEffectEx
 .text.mmEffect
                0x08013628       0x24 effect.o
                0x08013628                mmEffect
 .text.mmSetEffectsVolume
                0x0801364c       0x14 effect.o
                0x0801364c                mmSetEffectsVolume
 .text.mmEffectPanning
                0x08013660       0x34 effect.o
                0x08013660                mmEffectPanning
 .text.mmEffectActive
                0x08013694       0x2c effect.o
                0x08013694                mmEffectActive
 .text.mmEffectScaleRate
                0x080136c0       0x34 effect.o
                0x080136c0                mmEffectScaleRate
 .text.mmEffectCancel
                0x080136f4       0x68 effect.o
                0x080136f4                mmEffectCancel
 .text.mmEffectRelease
                0x0801375c       0x5c effect.o
                0x0801375c                mmEffectRelease
 .text.mmEffectCancelAll
                0x080137b8       0x64 effect.o
                0x080137b8                mmEffectCancelAll
 .text.mmUpdateEffects
                0x0801381c       0x90 effect.o
                0x0801381c                mmUpdateEffects
 .text.mpp_resetchannels
                0x080138ac       0x80 mas.o
 .text.mpph_VolumeSlide.isra.0
                0x0801392c       0x90 mas.o
 .text.mpph_PitchSlide_Up.isra.0
                0x080139bc       0x3c mas.o
 .text.mpp_setposition
                0x080139f8       0xb4 mas.o
 .text.mppe_DoVibrato
                0x08013aac       0x90 mas.o
 .text.mpph_FastForward
                0x08013b3c       0x80 mas.o
 .text.mppe_glis_backdoor
                0x08013bbc       0xb4 mas.o
 .text.mmSetEventHandler
                0x08013c70        0xc mas.o
                0x08013c70                mmSetEventHandler
 .text.mmPause  0x08013c7c       0x4c mas.o
                0x08013c7c                mmPause
 .text.mmResume
                0x08013cc8       0x14 mas.o
                0x08013cc8                mmResume
 .text.mmJinglePause
                0x08013cdc       0x54 mas.o
                0x08013cdc                mmJinglePause
 .text.mmJingleResume
                0x08013d30       0x14 mas.o
                0x08013d30                mmJingleResume
 .text.mmActive
                0x08013d44        0xc mas.o
                0x08013d44                mmActive
 .text.mmJingleActive
                0x08013d50        0xc mas.o
                0x08013d50                mmJingleActive
 .text.mmSetModuleVolume
                0x08013d5c       0x14 mas.o
                0x08013d5c                mmSetModuleVolume
 .text.mmSetJingleVolume
                0x08013d70       0x14 mas.o
                0x08013d70                mmSetJingleVolume
 .text.mmStop   0x08013d84       0x34 mas.o
                0x08013d84                mmStop
 .text.mmJingleStop
                0x08013db8       0x2c mas.o
                0x08013db8                mmJingleStop
 .text.mmGetPosition
                0x08013de4        0xc mas.o
                0x08013de4                mmGetPosition
 .text.mmSetModuleTempo
                0x08013df0       0x54 mas.o
                0x08013df0                mmSetModuleTempo
 .text.mmPlayMAS
                0x08013e44      0x104 mas.o
                0x08013e44                mmPlayMAS
 .text.mmJingleStart
                0x08013f48       0x30 mas.o
                0x08013f48                mmJingleStart
 .text.mmStart  0x08013f78       0x30 mas.o
                0x08013f78                mmStart
 .text.mmSetModulePitch
                0x08013fa8       0x20 mas.o
                0x08013fa8                mmSetModulePitch
 .text.mpp_Process_VolumeCommand
                0x08013fc8      0x378 mas.o
                0x08013fc8                mpp_Process_VolumeCommand
 .text.mmSetPositionEx
                0x08014340       0x24 mas.o
                0x08014340                mmSetPositionEx
 .text.mpp_Process_Effect
                0x08014364      0x750 mas.o
                0x08014364                mpp_Process_Effect
 .text.mpp_Update_ACHN_notest
                0x08014ab4      0x4cc mas.o
                0x08014ab4                mpp_Update_ACHN_notest
 .text.mppUpdateSub
                0x08014f80       0x64 mas.o
                0x08014f80                mppUpdateSub
 .text.mmUpdateChannel_TN
                0x08014fe4       0xbc mas_arm.o
                0x08014fe4                mmUpdateChannel_TN
 .text.mmInit   0x080150a0       0xa8 main_gba.o
                0x080150a0                mmInit
 .text.mmEnd    0x08015148       0x2c main_gba.o
                0x08015148                mmEnd
 .text.mmFrame  0x08015174       0xa4 main_gba.o
                0x08015174                mmFrame
 .text.mmGetModuleCount
                0x08015218        0xc main_gba.o
                0x08015218                mmGetModuleCount
 .text.mmGetSampleCount
                0x08015224        0xc main_gba.o
                0x08015224                mmGetSampleCount
 .text.mmMixerSetPan
                0x08015230       0x10 mixer.o